Microchip MPLAB XC8 Compiler V2.45

Linker command line:

-W-3 \
  --edf=C:\Program Files\Microchip\xc8\v2.45\pic\dat\20230818022343_en.msgs \
  -cn -h+dist/default/debug\PIC18.debug.sym \
  --cmf=dist/default/debug\PIC18.debug.cmf -z -Q18F4620 \
  -oC:\Users\Om562\AppData\Local\Temp\xcAshv0.\driver_tmp_3.o \
  --defsym=__MPLAB_BUILD=1 --fixupoverflow=error \
  -Mdist/default/debug/PIC18.debug.map \
  --md=C:\Users\Om562\AppData\Local\Temp\xcAshv0.\driver_tmp_0.dat -E1 \
  -ver=XC8 Compiler --acfsm=1493 -ACODE=00h-0FFFFh -ACONST=00h-0FFFFh \
  -ASMALLCONST=01000h-010FFhx240 -AMEDIUMCONST=01000h-0FFFFh \
  -ACOMRAM=01h-07Fh -AABS1=00h-0F7Fh -ABIGRAM=01h-0F7Fh \
  -ARAM=080h-0FFh,0100h-01FFhx14,0F00h-0F7Fh -ABANK0=080h-0FFh \
  -ABANK1=0100h-01FFh -ABANK2=0200h-02FFh -ABANK3=0300h-03FFh \
  -ABANK4=0400h-04FFh -ABANK5=0500h-05FFh -ABANK6=0600h-06FFh \
  -ABANK7=0700h-07FFh -ABANK8=0800h-08FFh -ABANK9=0900h-09FFh \
  -ABANK10=0A00h-0AFFh -ABANK11=0B00h-0BFFh -ABANK12=0C00h-0CFFh \
  -ABANK13=0D00h-0DFFh -ABANK14=0E00h-0EFFh -ABANK15=0F00h-0F7Fh \
  -ASFR=0F80h-0FFFh -ABIGSFR=0F80h-0FFFh -ACONFIG=0300000h-030000Dh \
  -AIDLOC=0200000h-0200007h -AEEDATA=0F00000h-0F003FFh -peeprom_data=EEDATA \
  -preset_vec=00h,intcode=08h,intcodelo,powerup,init -pramtop=01000h \
  -psmallconst=SMALLCONST -pmediumconst=MEDIUMCONST -pconst=CONST \
  -AFARRAM=00h-00h \
  -prdata=COMRAM,nvrram=COMRAM,nvbit=COMRAM,rbss=COMRAM,rbit=COMRAM \
  -pfarbss=FARRAM,fardata=FARRAM,nvFARRAM=FARRAM \
  -pintsave_regs=BIGRAM,bigbss=BIGRAM,bigdata=BIGRAM -pbss=RAM \
  -pidata=CODE,irdata=CODE,ibigdata=CODE,ifardata=CODE -prparam=COMRAM \
  C:\Users\Om562\AppData\Local\Temp\xcAshv0.\driver_tmp_9.o \
  dist/default/debug\PIC18.debug.o 

Object code version is 3.11

Machine type is 18F4620



                Name                               Link     Load   Length Selector   Space Scale
C:\Users\Om562\AppData\Local\Temp\xcAshv0.\driver_tmp_9.o
                config                           300000   300000        E        0       4
                init                                  E        E        4        4       0
                reset_vec                             0        0        4        0       0
dist/default/debug\PIC18.debug.o
                intcode                               8        8        6        4       0
                config                           300000   300000        E        0       4
                temp                                 65       65        1        1       1
                smallconst                         1000     1000        6      800       0
                text20                             14D8     14D8       8C      803       0
                text19                             1730     1730       6A      803       0
                text18                             1994     1994        A      C67       0
                text17                             198A     198A        A      C67       0
                text16                             1980     1980        A      C67       0
                text15                             192A     192A       2E      C67       0
                text14                             18FC     18FC       2E      C67       0
                text13                             18CE     18CE       2E      C67       0
                intcode_body                       1426     1426       B2      803       0
                text11                             133C     133C       EA      803       0
                text10                             16BE     16BE       72      803       0
                text9                              164C     164C       72      803       0
                text8                              1006     1006      120      803       0
                text7                              1564     1564       76      803       0
                text6                              1236     1236      106      803       0
                text5                              1126     1126      110      803       0
                text4                              17EE     17EE       3E      803       0
                text3                              1958     1958       28      C67       0
                text2                              179A     179A       54      803       0
                text1                              15DA     15DA       72      803       0
                text0                              182C     182C       38      803       0
                cstackCOMRAM                         34       34       24        1       1
                dataCOMRAM                            1        1       33        1       1
                bssCOMRAM                            58       58        D        1       1
                cinit                              1864     1864       36      803       0
                idataCOMRAM                        189A     189A       33      803       0

TOTAL           Name                               Link     Load   Length     Space
        CLASS   CODE           
                intcode                               8        8        6         0
                init                                  E        E        4         0
                reset_vec                             0        0        4         0
                text20                             14D8     14D8       8C         0
                text19                             1730     1730       6A         0
                text18                             1994     1994        A         0
                text17                             198A     198A        A         0
                text16                             1980     1980        A         0
                text15                             192A     192A       2E         0
                text14                             18FC     18FC       2E         0
                text13                             18CE     18CE       2E         0
                intcode_body                       1426     1426       B2         0
                text11                             133C     133C       EA         0
                text10                             16BE     16BE       72         0
                text9                              164C     164C       72         0
                text8                              1006     1006      120         0
                text7                              1564     1564       76         0
                text6                              1236     1236      106         0
                text5                              1126     1126      110         0
                text4                              17EE     17EE       3E         0
                text3                              1958     1958       28         0
                text2                              179A     179A       54         0
                text1                              15DA     15DA       72         0
                text0                              182C     182C       38         0
                cinit                              1864     1864       36         0
                idataCOMRAM                        189A     189A       33         0

        CLASS   CONST          

        CLASS   SMALLCONST     
                smallconst                         1000     1000        6         0

        CLASS   MEDIUMCONST    

        CLASS   COMRAM         
                temp                                 65       65        1         1
                cstackCOMRAM                         34       34       24         1
                dataCOMRAM                            1        1       33         1
                bssCOMRAM                            58       58        D         1

        CLASS   ABS1           

        CLASS   BIGRAM         

        CLASS   RAM            

        CLASS   BANK0          

        CLASS   BANK1          

        CLASS   BANK2          

        CLASS   BANK3          

        CLASS   BANK4          

        CLASS   BANK5          

        CLASS   BANK6          

        CLASS   BANK7          

        CLASS   BANK8          

        CLASS   BANK9          

        CLASS   BANK10         

        CLASS   BANK11         

        CLASS   BANK12         

        CLASS   BANK13         

        CLASS   BANK14         

        CLASS   BANK15         

        CLASS   SFR            

        CLASS   BIGSFR         

        CLASS   CONFIG         
                config                           300000   300000        E         4

        CLASS   IDLOC          

        CLASS   EEDATA         

        CLASS   FARRAM         

        CLASS   HEAP           

        CLASS   STACK          



SEGMENTS        Name                           Load    Length   Top    Selector   Space  Class

                reset_vec                      000000  000004  000004         0       0  CODE    
                dataCOMRAM                     000001  000065  000066         1       1  COMRAM  
                intcode                        000008  00000A  000012         4       0  CODE    
                smallconst                     001000  000006  001006       800       0  SMALLCON
                text8                          001006  0008C7  0018CD       803       0  CODE    
                text13                         0018CE  0000D0  00199E       C67       0  CODE    


UNUSED ADDRESS RANGES

        Name                Unused          Largest block    Delta
        BANK0            000080-0000FF               80
        BANK1            000100-0001FF              100
        BANK10           000A00-000AFF              100
        BANK11           000B00-000BFF              100
        BANK12           000C00-000CFF              100
        BANK13           000D00-000DFF              100
        BANK14           000E00-000EFF              100
        BANK15           000F00-000F7F               80
        BANK2            000200-0002FF              100
        BANK3            000300-0003FF              100
        BANK4            000400-0004FF              100
        BANK5            000500-0005FF              100
        BANK6            000600-0006FF              100
        BANK7            000700-0007FF              100
        BANK8            000800-0008FF              100
        BANK9            000900-0009FF              100
        BIGRAM           000066-000F7F              F1A
        BIGSFR           000F80-000FFF               80
        CODE             000004-000007                4
                         000012-000FFF              FEE
                         0018CD-0018CD                1
                         00199E-00FFFF             E662
        COMRAM           000066-00007F               1A
        CONST            000004-000007                4
                         000012-000FFF              FEE
                         0018CD-0018CD                1
                         00199E-00FFFF             E662
        EEDATA           F00000-F003FF              400
        IDLOC            200000-200007                8
        MEDIUMCONST      0018CD-0018CD                1
                         00199E-00FFFF             E662
        RAM              000080-000F7F              100
        SFR              000F80-000FFF               80
        SMALLCONST       0018CD-0018CD                1
                         00199E-00FFFF              100

                                  Symbol Table

Interrupt_INTx_Init@obj                  cstackCOMRAM 000051
Interrupt_INTx_Init@ret                  cstackCOMRAM 000052
_INT0_CALBACK                            bssCOMRAM    00005C
_INT0_ISR                                text15       00192A
_INT1_CALBACK                            bssCOMRAM    00005A
_INT1_ISR                                text14       0018FC
_INT2_CALBACK                            bssCOMRAM    000058
_INT2_ISR                                text13       0018CE
_INTCON2bits                             (abs)        000FF1
_INTCON3bits                             (abs)        000FF0
_INTCONbits                              (abs)        000FF2
_InterruptManager                        intcode      000008
_Interrupt_INTx_Init                     text2        00179A
_LATA                                    (abs)        000F89
_LATB                                    (abs)        000F8A
_LATC                                    (abs)        000F8B
_LATD                                    (abs)        000F8C
_LATE                                    (abs)        000F8D
_PORTA                                   (abs)        000F80
_PORTB                                   (abs)        000F81
_PORTC                                   (abs)        000F82
_PORTD                                   (abs)        000F83
_PORTE                                   (abs)        000F84
_TRISA                                   (abs)        000F92
_TRISB                                   (abs)        000F93
_TRISC                                   (abs)        000F94
_TRISD                                   (abs)        000F95
_TRISE                                   (abs)        000F96
__HRAM                                   (abs)        000000
__H__absolute__                          __absolute__ 000000
__Habs1                                  abs1         000000
__Hbank0                                 bank0        000000
__Hbank1                                 bank1        000000
__Hbank10                                bank10       000000
__Hbank11                                bank11       000000
__Hbank12                                bank12       000000
__Hbank13                                bank13       000000
__Hbank14                                bank14       000000
__Hbank15                                bank15       000000
__Hbank2                                 bank2        000000
__Hbank3                                 bank3        000000
__Hbank4                                 bank4        000000
__Hbank5                                 bank5        000000
__Hbank6                                 bank6        000000
__Hbank7                                 bank7        000000
__Hbank8                                 bank8        000000
__Hbank9                                 bank9        000000
__Hbigbss                                bigbss       000000
__Hbigdata                               bigdata      000000
__Hbigram                                bigram       000000
__Hbigsfr                                bigsfr       000000
__Hbss                                   bss          000000
__HbssCOMRAM                             bssCOMRAM    000000
__Hcinit                                 cinit        000000
__Hclrtext                               clrtext      000000
__Hcomram                                comram       000000
__Hconfig                                config       30000E
__Hconst                                 const        000000
__HcstackCOMRAM                          cstackCOMRAM 000000
__Hdata                                  data         000000
__HdataCOMRAM                            dataCOMRAM   000000
__Heeprom_data                           eeprom_data  000000
__Hfarbss                                farbss       000000
__Hfardata                               fardata      000000
__Hheap                                  heap         000000
__Hibigdata                              ibigdata     000000
__Hidata                                 idata        000000
__HidataCOMRAM                           idataCOMRAM  000000
__Hidloc                                 idloc        000000
__Hifardata                              ifardata     000000
__Hinit                                  init         000012
__Hintcode                               intcode      00000E
__Hintcode_body                          intcode_body 000000
__Hintcodelo                             intcodelo    00000E
__Hintentry                              intentry     000000
__Hintret                                intret       000000
__Hintsave_regs                          intsave_regs 000000
__Hirdata                                irdata       000000
__Hmediumconst                           mediumconst  000000
__HnvFARRAM                              nvFARRAM     000000
__Hnvbit                                 nvbit        000000
__Hnvrram                                nvrram       000000
__Hparam                                 rparam       000000
__Hpowerup                               powerup      00000E
__Hram                                   ram          000000
__Hramtop                                ramtop       001000
__Hrbit                                  rbit         000000
__Hrbss                                  rbss         000000
__Hrdata                                 rdata        000000
__Hreset_vec                             reset_vec    000004
__Hrparam                                rparam       000000
__Hsfr                                   sfr          000000
__Hsmallconst                            smallconst   001006
__Hspace_0                               (abs)        00199E
__Hspace_1                               (abs)        000066
__Hspace_2                               (abs)        000000
__Hspace_4                               (abs)        60000E
__Hstack                                 stack        000000
__Hstruct                                struct       000000
__Htemp                                  temp         000066
__Htext                                  text         000000
__Htext0                                 text0        000000
__Htext1                                 text1        000000
__Htext10                                text10       000000
__Htext11                                text11       000000
__Htext13                                text13       000000
__Htext14                                text14       000000
__Htext15                                text15       000000
__Htext16                                text16       000000
__Htext17                                text17       000000
__Htext18                                text18       000000
__Htext19                                text19       000000
__Htext2                                 text2        000000
__Htext20                                text20       000000
__Htext21                                text21       000000
__Htext3                                 text3        000000
__Htext4                                 text4        000000
__Htext5                                 text5        000000
__Htext6                                 text6        000000
__Htext7                                 text7        000000
__Htext8                                 text8        000000
__Htext9                                 text9        000000
__LRAM                                   (abs)        000001
__L__absolute__                          __absolute__ 000000
__Labs1                                  abs1         000000
__Lbank0                                 bank0        000000
__Lbank1                                 bank1        000000
__Lbank10                                bank10       000000
__Lbank11                                bank11       000000
__Lbank12                                bank12       000000
__Lbank13                                bank13       000000
__Lbank14                                bank14       000000
__Lbank15                                bank15       000000
__Lbank2                                 bank2        000000
__Lbank3                                 bank3        000000
__Lbank4                                 bank4        000000
__Lbank5                                 bank5        000000
__Lbank6                                 bank6        000000
__Lbank7                                 bank7        000000
__Lbank8                                 bank8        000000
__Lbank9                                 bank9        000000
__Lbigbss                                bigbss       000000
__Lbigdata                               bigdata      000000
__Lbigram                                bigram       000000
__Lbigsfr                                bigsfr       000000
__Lbss                                   bss          000000
__LbssCOMRAM                             bssCOMRAM    000000
__Lcinit                                 cinit        000000
__Lclrtext                               clrtext      000000
__Lcomram                                comram       000000
__Lconfig                                config       000000
__Lconst                                 const        000000
__LcstackCOMRAM                          cstackCOMRAM 000000
__Ldata                                  data         000000
__LdataCOMRAM                            dataCOMRAM   000000
__Leeprom_data                           eeprom_data  000000
__Lfarbss                                farbss       000000
__Lfardata                               fardata      000000
__Lheap                                  heap         000000
__Libigdata                              ibigdata     000000
__Lidata                                 idata        000000
__LidataCOMRAM                           idataCOMRAM  000000
__Lidloc                                 idloc        000000
__Lifardata                              ifardata     000000
__Linit                                  init         00000E
__Lintcode                               intcode      000008
__Lintcode_body                          intcode_body 000000
__Lintcodelo                             intcodelo    00000E
__Lintentry                              intentry     000000
__Lintret                                intret       000000
__Lintsave_regs                          intsave_regs 000000
__Lirdata                                irdata       000000
__Lmediumconst                           mediumconst  000000
__LnvFARRAM                              nvFARRAM     000000
__Lnvbit                                 nvbit        000000
__Lnvrram                                nvrram       000000
__Lparam                                 rparam       000000
__Lpowerup                               powerup      00000E
__Lram                                   ram          000000
__Lramtop                                ramtop       001000
__Lrbit                                  rbit         000000
__Lrbss                                  rbss         000000
__Lrdata                                 rdata        000000
__Lreset_vec                             reset_vec    000000
__Lrparam                                rparam       000000
__Lsfr                                   sfr          000000
__Lsmallconst                            smallconst   001000
__Lspace_0                               (abs)        000000
__Lspace_1                               (abs)        000000
__Lspace_2                               (abs)        000000
__Lspace_4                               (abs)        000000
__Lstack                                 stack        000000
__Lstruct                                struct       000000
__Ltemp                                  temp         000065
__Ltext                                  text         000000
__Ltext0                                 text0        000000
__Ltext1                                 text1        000000
__Ltext10                                text10       000000
__Ltext11                                text11       000000
__Ltext13                                text13       000000
__Ltext14                                text14       000000
__Ltext15                                text15       000000
__Ltext16                                text16       000000
__Ltext17                                text17       000000
__Ltext18                                text18       000000
__Ltext19                                text19       000000
__Ltext2                                 text2        000000
__Ltext20                                text20       000000
__Ltext21                                text21       000000
__Ltext3                                 text3        000000
__Ltext4                                 text4        000000
__Ltext5                                 text5        000000
__Ltext6                                 text6        000000
__Ltext7                                 text7        000000
__Ltext8                                 text8        000000
__Ltext9                                 text9        000000
__S0                                     (abs)        00199E
__S1                                     (abs)        000066
__S4                                     (abs)        000000
__S5                                     (abs)        000000
___heap_hi                               (abs)        000000
___heap_lo                               (abs)        000000
___inthi_sp                              stack        000000
___inthi_stack_hi                        stack        000000
___inthi_stack_lo                        stack        000000
___intlo_sp                              stack        000000
___intlo_stack_hi                        stack        000000
___intlo_stack_lo                        stack        000000
___param_bank                            (abs)        000000
___rparam_used                           (abs)        000001
___sp                                    stack        000000
___stack_hi                              stack        000000
___stack_lo                              stack        000000
__accesstop                              (abs)        000080
__activetblptr                           (abs)        000003
__end_of_INT0_ISR                        text15       001958
__end_of_INT1_ISR                        text14       00192A
__end_of_INT2_ISR                        text13       0018FC
__end_of_InterruptManager                intcode_body 0014D8
__end_of_Interrupt_INTx_Init             text2        0017EE
__end_of__initialization                 cinit        001890
__end_of_app_isr                         text17       001994
__end_of_app_isr2                        text16       00198A
__end_of_app_isr3                        text18       00199E
__end_of_gpio_pin_direction_initialize   text6        00133C
__end_of_gpio_pin_initialize             text4        00182C
__end_of_gpio_pin_toggle_logic           text20       001564
__end_of_gpio_pin_write_logic            text5        001236
__end_of_interrupt_INTx_CallBack_Init    text11       001426
__end_of_interrupt_INTx_Clear_Flag       text10       001730
__end_of_interrupt_INTx_Disable          text9        0016BE
__end_of_interrupt_INTx_Edge_Init        text8        001126
__end_of_interrupt_INTx_Enable           text7        0015DA
__end_of_interrupt_INTx_Pin_Init         text3        001980
__end_of_led_init                        text1        00164C
__end_of_led_toggle                      text19       00179A
__end_of_main                            text0        001864
__initialization                         cinit        001864
__mediumconst                            mediumconst  000000
__pbssCOMRAM                             bssCOMRAM    000058
__pcinit                                 cinit        001864
__pcstackCOMRAM                          cstackCOMRAM 000034
__pdataCOMRAM                            dataCOMRAM   000001
__pidataCOMRAM                           idataCOMRAM  00189A
__pintcode                               intcode      000008
__pintcode_body                          intcode_body 001426
__psmallconst                            smallconst   001000
__ptext0                                 text0        00182C
__ptext1                                 text1        0015DA
__ptext10                                text10       0016BE
__ptext11                                text11       00133C
__ptext13                                text13       0018CE
__ptext14                                text14       0018FC
__ptext15                                text15       00192A
__ptext16                                text16       001980
__ptext17                                text17       00198A
__ptext18                                text18       001994
__ptext19                                text19       001730
__ptext2                                 text2        00179A
__ptext20                                text20       0014D8
__ptext21                                text21       000000
__ptext3                                 text3        001958
__ptext4                                 text4        0017EE
__ptext5                                 text5        001126
__ptext6                                 text6        001236
__ptext7                                 text7        001564
__ptext8                                 text8        001006
__ptext9                                 text9        00164C
__ramtop                                 ramtop       001000
__smallconst                             smallconst   001000
_app_isr                                 text17       00198A
_app_isr2                                text16       001980
_app_isr3                                text18       001994
_gpio_pin_direction_initialize           text6        001236
_gpio_pin_initialize                     text4        0017EE
_gpio_pin_toggle_logic                   text20       0014D8
_gpio_pin_write_logic                    text5        001126
_int0                                    dataCOMRAM   00002B
_int1                                    dataCOMRAM   000025
_int2                                    dataCOMRAM   00001F
_interrupt_INTx_CallBack_Init            text11       00133C
_interrupt_INTx_Clear_Flag               text10       0016BE
_interrupt_INTx_Disable                  text9        00164C
_interrupt_INTx_Edge_Init                text8        001006
_interrupt_INTx_Enable                   text7        001564
_interrupt_INTx_Pin_Init                 text3        001958
_lat_regs                                dataCOMRAM   00000B
_led                                     dataCOMRAM   000033
_led2                                    dataCOMRAM   000032
_led3                                    dataCOMRAM   000031
_led_init                                text1        0015DA
_led_toggle                              text19       001730
_main                                    text0        00182C
_port_regs                               dataCOMRAM   000001
_tris_regs                               dataCOMRAM   000015
btemp                                    temp         000065
end_of_initialization                    cinit        001890
gpio_pin_direction_initialize@pin_config cstackCOMRAM 000045
gpio_pin_direction_initialize@ret        cstackCOMRAM 00004B
gpio_pin_initialize@pin_config           cstackCOMRAM 00004D
gpio_pin_initialize@ret                  cstackCOMRAM 00004E
gpio_pin_toggle_logic@pin_config         cstackCOMRAM 000034
gpio_pin_toggle_logic@ret                cstackCOMRAM 000039
gpio_pin_write_logic@logic               cstackCOMRAM 000046
gpio_pin_write_logic@pin_config          cstackCOMRAM 000045
gpio_pin_write_logic@ret                 cstackCOMRAM 00004C
int$flags                                temp         000065
int_func                                 intcode_body 001426
interrupt_INTx_CallBack_Init@obj         cstackCOMRAM 000045
interrupt_INTx_CallBack_Init@ret         cstackCOMRAM 000048
interrupt_INTx_Clear_Flag@obj            cstackCOMRAM 000045
interrupt_INTx_Clear_Flag@ret            cstackCOMRAM 000048
interrupt_INTx_Disable@obj               cstackCOMRAM 000045
interrupt_INTx_Disable@ret               cstackCOMRAM 000048
interrupt_INTx_Edge_Init@obj             cstackCOMRAM 000045
interrupt_INTx_Edge_Init@ret             cstackCOMRAM 000048
interrupt_INTx_Enable@obj                cstackCOMRAM 000045
interrupt_INTx_Enable@ret                cstackCOMRAM 000048
interrupt_INTx_Pin_Init@obj              cstackCOMRAM 00004F
interrupt_INTx_Pin_Init@ret              cstackCOMRAM 000050
intlevel0                                text         000000
intlevel1                                text         000000
intlevel2                                text         000000
intlevel3                                text         000000
isa$std                                  (abs)        000001
isa$xinst                                (abs)        000000
led_init@F3053                           bssCOMRAM    000064
led_init@led                             cstackCOMRAM 00004F
led_init@pin_obj                         cstackCOMRAM 000052
led_init@ret                             cstackCOMRAM 000051
led_off@F3063                            bssCOMRAM    000062
led_on@F3058                             bssCOMRAM    000063
led_toggle@F3068                         bssCOMRAM    000061
led_toggle@led                           cstackCOMRAM 00003A
led_toggle@pin_obj                       cstackCOMRAM 00003C
relayInit@F3046                          bssCOMRAM    000060
relayOFF@F3056                           bssCOMRAM    00005E
relayON@F3051                            bssCOMRAM    00005F
stackhi                                  (abs)        000000
stacklo                                  (abs)        000000
start                                    init         00000E
start_initialization                     cinit        001864
ttemp5                                   temp         000066
ttemp6                                   temp         000069
ttemp7                                   temp         00006D
wtemp8                                   temp         000066


MODULE INFORMATION

Module		Function		Class		Link	Load	Size
C:/Users/Om562/MPLABXProjects/PIC18/MCAL_Layer/Interrupt/mcal_interrupt_manager.c
		_InterruptManager		CODE           	0008	0000	184

C:/Users/Om562/MPLABXProjects/PIC18/MCAL_Layer/Interrupt/mcal_interrupt_manager.c estimated size: 184

C:/Users/Om562/MPLABXProjects/PIC18/MCAL_Layer/Interrupt/mcal_external_interrupt.c
		_interrupt_INTx_Pin_Init		CODE           	1958	0000	40
		_interrupt_INTx_Clear_Flag		CODE           	16BE	0000	114
		_interrupt_INTx_CallBack_Init		CODE           	133C	0000	234
		_Interrupt_INTx_Init		CODE           	179A	0000	84
		_interrupt_INTx_Enable		CODE           	1564	0000	118
		_INT0_ISR      		CODE           	192A	0000	46
		_interrupt_INTx_Edge_Init		CODE           	1006	0000	288
		_INT1_ISR      		CODE           	18FC	0000	46
		_interrupt_INTx_Disable		CODE           	164C	0000	114
		_INT2_ISR      		CODE           	18CE	0000	46

C:/Users/Om562/MPLABXProjects/PIC18/MCAL_Layer/Interrupt/mcal_external_interrupt.c estimated size: 1130

Application.c
		_main          		CODE           	182C	0000	56
		_app_isr       		CODE           	198A	0000	10
		_app_isr2      		CODE           	1980	0000	10
		_app_isr3      		CODE           	1994	0000	10

Application.c estimated size: 86

shared
		__initialization		CODE           	1864	0000	44

shared estimated size: 44

MCAL_Layer/GPIO/hal_gpio.c
		_gpio_pin_write_logic		CODE           	1126	0000	272
		_gpio_pin_direction_initialize		CODE           	1236	0000	262
		_gpio_pin_toggle_logic		CODE           	14D8	0000	140
		_gpio_pin_initialize		CODE           	17EE	0000	62

MCAL_Layer/GPIO/hal_gpio.c estimated size: 736

ECU_Layer/LED/ecu_led.c
		_led_init      		CODE           	15DA	0000	114
		_led_toggle    		CODE           	1730	0000	106

ECU_Layer/LED/ecu_led.c estimated size: 220

