Microchip MPLAB XC8 Compiler V2.45

Linker command line:

-W-3 \
  --edf=C:\Program Files\Microchip\xc8\v2.45\pic\dat\20230818022343_en.msgs \
  -cn -h+dist/default/debug\PIC18.debug.sym \
  --cmf=dist/default/debug\PIC18.debug.cmf -z -Q18F4620 \
  -oC:\Users\Om562\AppData\Local\Temp\xcAsqfo.\driver_tmp_3.o \
  --defsym=__MPLAB_BUILD=1 --fixupoverflow=error \
  -Mdist/default/debug/PIC18.debug.map \
  --md=C:\Users\Om562\AppData\Local\Temp\xcAsqfo.\driver_tmp_0.dat -E1 \
  -ver=XC8 Compiler --acfsm=1493 -ACODE=00h-0FFFFh -ACONST=00h-0FFFFh \
  -ASMALLCONST=01000h-010FFhx240 -AMEDIUMCONST=01000h-0FFFFh \
  -ACOMRAM=01h-07Fh -AABS1=00h-0F7Fh -ABIGRAM=01h-0F7Fh \
  -ARAM=080h-0FFh,0100h-01FFhx14,0F00h-0F7Fh -ABANK0=080h-0FFh \
  -ABANK1=0100h-01FFh -ABANK2=0200h-02FFh -ABANK3=0300h-03FFh \
  -ABANK4=0400h-04FFh -ABANK5=0500h-05FFh -ABANK6=0600h-06FFh \
  -ABANK7=0700h-07FFh -ABANK8=0800h-08FFh -ABANK9=0900h-09FFh \
  -ABANK10=0A00h-0AFFh -ABANK11=0B00h-0BFFh -ABANK12=0C00h-0CFFh \
  -ABANK13=0D00h-0DFFh -ABANK14=0E00h-0EFFh -ABANK15=0F00h-0F7Fh \
  -ASFR=0F80h-0FFFh -ABIGSFR=0F80h-0FFFh -ACONFIG=0300000h-030000Dh \
  -AIDLOC=0200000h-0200007h -AEEDATA=0F00000h-0F003FFh -peeprom_data=EEDATA \
  -preset_vec=00h,intcode=08h,intcodelo,powerup,init -pramtop=01000h \
  -psmallconst=SMALLCONST -pmediumconst=MEDIUMCONST -pconst=CONST \
  -AFARRAM=00h-00h \
  -prdata=COMRAM,nvrram=COMRAM,nvbit=COMRAM,rbss=COMRAM,rbit=COMRAM \
  -pfarbss=FARRAM,fardata=FARRAM,nvFARRAM=FARRAM \
  -pintsave_regs=BIGRAM,bigbss=BIGRAM,bigdata=BIGRAM -pbss=RAM \
  -pidata=CODE,irdata=CODE,ibigdata=CODE,ifardata=CODE -prparam=COMRAM \
  C:\Users\Om562\AppData\Local\Temp\xcAsqfo.\driver_tmp_9.o \
  dist/default/debug\PIC18.debug.o 

Object code version is 3.11

Machine type is 18F4620



                Name                               Link     Load   Length Selector   Space Scale
C:\Users\Om562\AppData\Local\Temp\xcAsqfo.\driver_tmp_9.o
                config                           300000   300000        E        0       4
                init                                  E        E        4        4       0
                reset_vec                             0        0        4        0       0
dist/default/debug\PIC18.debug.o
                intcode                               8        8        6        4       0
                config                           300000   300000        E        0       4
                temp                                 6C       6C        1        1       1
                smallconst                         1000     1000        6      800       0
                text16                             1A88     1A88        4      D2F       0
                text15                             1A84     1A84        4      D2F       0
                text14                             1A80     1A80        4      D2F       0
                text13                             14E2     14E2      110      803       0
                text12                             1952     1952       6E      803       0
                text11                             1A76     1A76        A      D2F       0
                text10                             1866     1866       7A      803       0
                text9                              17EC     17EC       7A      803       0
                text8                              1772     1772       7A      803       0
                text7                              16F8     16F8       7A      803       0
                intcode_body                       1006     1006      2B6      803       0
                text5                              15F2     15F2      106      803       0
                text4                              12BC     12BC      116      803       0
                text3                              13D2     13D2      110      803       0
                text2                              19C0     19C0       3E      803       0
                text1                              18E0     18E0       72      803       0
                text0                              1A5E     1A5E       18      D2F       0
                cstackCOMRAM                         2A       2A       25        1       1
                dataCOMRAM                            1        1       29        1       1
                bssCOMRAM                            4F       4F       1D        1       1
                cinit                              19FE     19FE       36      803       0
                idataCOMRAM                        1A34     1A34       29      803       0

TOTAL           Name                               Link     Load   Length     Space
        CLASS   CODE           
                intcode                               8        8        6         0
                init                                  E        E        4         0
                reset_vec                             0        0        4         0
                text16                             1A88     1A88        4         0
                text15                             1A84     1A84        4         0
                text14                             1A80     1A80        4         0
                text13                             14E2     14E2      110         0
                text12                             1952     1952       6E         0
                text11                             1A76     1A76        A         0
                text10                             1866     1866       7A         0
                text9                              17EC     17EC       7A         0
                text8                              1772     1772       7A         0
                text7                              16F8     16F8       7A         0
                intcode_body                       1006     1006      2B6         0
                text5                              15F2     15F2      106         0
                text4                              12BC     12BC      116         0
                text3                              13D2     13D2      110         0
                text2                              19C0     19C0       3E         0
                text1                              18E0     18E0       72         0
                text0                              1A5E     1A5E       18         0
                cinit                              19FE     19FE       36         0
                idataCOMRAM                        1A34     1A34       29         0

        CLASS   CONST          

        CLASS   SMALLCONST     
                smallconst                         1000     1000        6         0

        CLASS   MEDIUMCONST    

        CLASS   COMRAM         
                temp                                 6C       6C        1         1
                cstackCOMRAM                         2A       2A       25         1
                dataCOMRAM                            1        1       29         1
                bssCOMRAM                            4F       4F       1D         1

        CLASS   ABS1           

        CLASS   BIGRAM         

        CLASS   RAM            

        CLASS   BANK0          

        CLASS   BANK1          

        CLASS   BANK2          

        CLASS   BANK3          

        CLASS   BANK4          

        CLASS   BANK5          

        CLASS   BANK6          

        CLASS   BANK7          

        CLASS   BANK8          

        CLASS   BANK9          

        CLASS   BANK10         

        CLASS   BANK11         

        CLASS   BANK12         

        CLASS   BANK13         

        CLASS   BANK14         

        CLASS   BANK15         

        CLASS   SFR            

        CLASS   BIGSFR         

        CLASS   CONFIG         
                config                           300000   300000        E         4

        CLASS   IDLOC          

        CLASS   EEDATA         

        CLASS   FARRAM         

        CLASS   HEAP           

        CLASS   STACK          



SEGMENTS        Name                           Load    Length   Top    Selector   Space  Class

                reset_vec                      000000  000004  000004         0       0  CODE    
                dataCOMRAM                     000001  00006C  00006D         1       1  COMRAM  
                intcode                        000008  00000A  000012         4       0  CODE    
                smallconst                     001000  000006  001006       800       0  SMALLCON
                intcode_body                   001006  000A57  001A5D       803       0  CODE    
                text0                          001A5E  00002E  001A8C       D2F       0  CODE    


UNUSED ADDRESS RANGES

        Name                Unused          Largest block    Delta
        BANK0            000080-0000FF               80
        BANK1            000100-0001FF              100
        BANK10           000A00-000AFF              100
        BANK11           000B00-000BFF              100
        BANK12           000C00-000CFF              100
        BANK13           000D00-000DFF              100
        BANK14           000E00-000EFF              100
        BANK15           000F00-000F7F               80
        BANK2            000200-0002FF              100
        BANK3            000300-0003FF              100
        BANK4            000400-0004FF              100
        BANK5            000500-0005FF              100
        BANK6            000600-0006FF              100
        BANK7            000700-0007FF              100
        BANK8            000800-0008FF              100
        BANK9            000900-0009FF              100
        BIGRAM           00006D-000F7F              F13
        BIGSFR           000F80-000FFF               80
        CODE             000004-000007                4
                         000012-000FFF              FEE
                         001A5D-001A5D                1
                         001A8C-00FFFF             E574
        COMRAM           00006D-00007F               13
        CONST            000004-000007                4
                         000012-000FFF              FEE
                         001A5D-001A5D                1
                         001A8C-00FFFF             E574
        EEDATA           F00000-F003FF              400
        IDLOC            200000-200007                8
        MEDIUMCONST      001A5D-001A5D                1
                         001A8C-00FFFF             E574
        RAM              000080-000F7F              100
        SFR              000F80-000FFF               80
        SMALLCONST       001A5D-001A5D                1
                         001A8C-00FFFF              100

                                  Symbol Table

Interrupt_RBx_Init@obj                   cstackCOMRAM 000043
Interrupt_RBx_Init@ret                   cstackCOMRAM 000046
RB4_ISR@src                              cstackCOMRAM 000035
RB5_ISR@src                              cstackCOMRAM 000035
RB6_ISR@src                              cstackCOMRAM 000035
RB7_ISR@src                              cstackCOMRAM 000035
_INT0_CALBACK                            bssCOMRAM    000063
_INT0_ISR                                text16       001A88
_INT1_CALBACK                            bssCOMRAM    000061
_INT1_ISR                                text15       001A84
_INT2_CALBACK                            bssCOMRAM    00005F
_INT2_ISR                                text14       001A80
_INTCON2bits                             (abs)        000FF1
_INTCON3bits                             (abs)        000FF0
_INTCONbits                              (abs)        000FF2
_InterruptManager                        intcode      000008
_Interrupt_RBx_Init                      text4        0012BC
_LATA                                    (abs)        000F89
_LATB                                    (abs)        000F8A
_LATC                                    (abs)        000F8B
_LATD                                    (abs)        000F8C
_LATE                                    (abs)        000F8D
_PORTA                                   (abs)        000F80
_PORTB                                   (abs)        000F81
_PORTBbits                               (abs)        000F81
_PORTC                                   (abs)        000F82
_PORTD                                   (abs)        000F83
_PORTE                                   (abs)        000F84
_RB4_CallBack_HIGH                       bssCOMRAM    00005D
_RB4_CallBack_LOW                        bssCOMRAM    000055
_RB4_Flag                                dataCOMRAM   000022
_RB4_ISR                                 text10       001866
_RB4_app                                 dataCOMRAM   000023
_RB5_CallBack_HIGH                       bssCOMRAM    00005B
_RB5_CallBack_LOW                        bssCOMRAM    000053
_RB5_Flag                                dataCOMRAM   000021
_RB5_ISR                                 text9        0017EC
_RB6_CallBack_HIGH                       bssCOMRAM    000059
_RB6_CallBack_LOW                        bssCOMRAM    000051
_RB6_Flag                                dataCOMRAM   000020
_RB6_ISR                                 text8        001772
_RB7_CallBack_HIGH                       bssCOMRAM    000057
_RB7_CallBack_LOW                        bssCOMRAM    00004F
_RB7_Flag                                dataCOMRAM   00001F
_RB7_ISR                                 text7        0016F8
_TRISA                                   (abs)        000F92
_TRISB                                   (abs)        000F93
_TRISC                                   (abs)        000F94
_TRISD                                   (abs)        000F95
_TRISE                                   (abs)        000F96
__HRAM                                   (abs)        000000
__H__absolute__                          __absolute__ 000000
__Habs1                                  abs1         000000
__Hbank0                                 bank0        000000
__Hbank1                                 bank1        000000
__Hbank10                                bank10       000000
__Hbank11                                bank11       000000
__Hbank12                                bank12       000000
__Hbank13                                bank13       000000
__Hbank14                                bank14       000000
__Hbank15                                bank15       000000
__Hbank2                                 bank2        000000
__Hbank3                                 bank3        000000
__Hbank4                                 bank4        000000
__Hbank5                                 bank5        000000
__Hbank6                                 bank6        000000
__Hbank7                                 bank7        000000
__Hbank8                                 bank8        000000
__Hbank9                                 bank9        000000
__Hbigbss                                bigbss       000000
__Hbigdata                               bigdata      000000
__Hbigram                                bigram       000000
__Hbigsfr                                bigsfr       000000
__Hbss                                   bss          000000
__HbssCOMRAM                             bssCOMRAM    000000
__Hcinit                                 cinit        000000
__Hclrtext                               clrtext      000000
__Hcomram                                comram       000000
__Hconfig                                config       30000E
__Hconst                                 const        000000
__HcstackCOMRAM                          cstackCOMRAM 000000
__Hdata                                  data         000000
__HdataCOMRAM                            dataCOMRAM   000000
__Heeprom_data                           eeprom_data  000000
__Hfarbss                                farbss       000000
__Hfardata                               fardata      000000
__Hheap                                  heap         000000
__Hibigdata                              ibigdata     000000
__Hidata                                 idata        000000
__HidataCOMRAM                           idataCOMRAM  000000
__Hidloc                                 idloc        000000
__Hifardata                              ifardata     000000
__Hinit                                  init         000012
__Hintcode                               intcode      00000E
__Hintcode_body                          intcode_body 000000
__Hintcodelo                             intcodelo    00000E
__Hintentry                              intentry     000000
__Hintret                                intret       000000
__Hintsave_regs                          intsave_regs 000000
__Hirdata                                irdata       000000
__Hmediumconst                           mediumconst  000000
__HnvFARRAM                              nvFARRAM     000000
__Hnvbit                                 nvbit        000000
__Hnvrram                                nvrram       000000
__Hparam                                 rparam       000000
__Hpowerup                               powerup      00000E
__Hram                                   ram          000000
__Hramtop                                ramtop       001000
__Hrbit                                  rbit         000000
__Hrbss                                  rbss         000000
__Hrdata                                 rdata        000000
__Hreset_vec                             reset_vec    000004
__Hrparam                                rparam       000000
__Hsfr                                   sfr          000000
__Hsmallconst                            smallconst   001006
__Hspace_0                               (abs)        001A8C
__Hspace_1                               (abs)        00006D
__Hspace_2                               (abs)        000000
__Hspace_4                               (abs)        60000E
__Hstack                                 stack        000000
__Hstruct                                struct       000000
__Htemp                                  temp         00006D
__Htext                                  text         000000
__Htext0                                 text0        000000
__Htext1                                 text1        000000
__Htext10                                text10       000000
__Htext11                                text11       000000
__Htext12                                text12       000000
__Htext13                                text13       000000
__Htext14                                text14       000000
__Htext15                                text15       000000
__Htext16                                text16       000000
__Htext17                                text17       000000
__Htext2                                 text2        000000
__Htext3                                 text3        000000
__Htext4                                 text4        000000
__Htext5                                 text5        000000
__Htext7                                 text7        000000
__Htext8                                 text8        000000
__Htext9                                 text9        000000
__LRAM                                   (abs)        000001
__L__absolute__                          __absolute__ 000000
__Labs1                                  abs1         000000
__Lbank0                                 bank0        000000
__Lbank1                                 bank1        000000
__Lbank10                                bank10       000000
__Lbank11                                bank11       000000
__Lbank12                                bank12       000000
__Lbank13                                bank13       000000
__Lbank14                                bank14       000000
__Lbank15                                bank15       000000
__Lbank2                                 bank2        000000
__Lbank3                                 bank3        000000
__Lbank4                                 bank4        000000
__Lbank5                                 bank5        000000
__Lbank6                                 bank6        000000
__Lbank7                                 bank7        000000
__Lbank8                                 bank8        000000
__Lbank9                                 bank9        000000
__Lbigbss                                bigbss       000000
__Lbigdata                               bigdata      000000
__Lbigram                                bigram       000000
__Lbigsfr                                bigsfr       000000
__Lbss                                   bss          000000
__LbssCOMRAM                             bssCOMRAM    000000
__Lcinit                                 cinit        000000
__Lclrtext                               clrtext      000000
__Lcomram                                comram       000000
__Lconfig                                config       000000
__Lconst                                 const        000000
__LcstackCOMRAM                          cstackCOMRAM 000000
__Ldata                                  data         000000
__LdataCOMRAM                            dataCOMRAM   000000
__Leeprom_data                           eeprom_data  000000
__Lfarbss                                farbss       000000
__Lfardata                               fardata      000000
__Lheap                                  heap         000000
__Libigdata                              ibigdata     000000
__Lidata                                 idata        000000
__LidataCOMRAM                           idataCOMRAM  000000
__Lidloc                                 idloc        000000
__Lifardata                              ifardata     000000
__Linit                                  init         00000E
__Lintcode                               intcode      000008
__Lintcode_body                          intcode_body 000000
__Lintcodelo                             intcodelo    00000E
__Lintentry                              intentry     000000
__Lintret                                intret       000000
__Lintsave_regs                          intsave_regs 000000
__Lirdata                                irdata       000000
__Lmediumconst                           mediumconst  000000
__LnvFARRAM                              nvFARRAM     000000
__Lnvbit                                 nvbit        000000
__Lnvrram                                nvrram       000000
__Lparam                                 rparam       000000
__Lpowerup                               powerup      00000E
__Lram                                   ram          000000
__Lramtop                                ramtop       001000
__Lrbit                                  rbit         000000
__Lrbss                                  rbss         000000
__Lrdata                                 rdata        000000
__Lreset_vec                             reset_vec    000000
__Lrparam                                rparam       000000
__Lsfr                                   sfr          000000
__Lsmallconst                            smallconst   001000
__Lspace_0                               (abs)        000000
__Lspace_1                               (abs)        000000
__Lspace_2                               (abs)        000000
__Lspace_4                               (abs)        000000
__Lstack                                 stack        000000
__Lstruct                                struct       000000
__Ltemp                                  temp         00006C
__Ltext                                  text         000000
__Ltext0                                 text0        000000
__Ltext1                                 text1        000000
__Ltext10                                text10       000000
__Ltext11                                text11       000000
__Ltext12                                text12       000000
__Ltext13                                text13       000000
__Ltext14                                text14       000000
__Ltext15                                text15       000000
__Ltext16                                text16       000000
__Ltext17                                text17       000000
__Ltext2                                 text2        000000
__Ltext3                                 text3        000000
__Ltext4                                 text4        000000
__Ltext5                                 text5        000000
__Ltext7                                 text7        000000
__Ltext8                                 text8        000000
__Ltext9                                 text9        000000
__S0                                     (abs)        001A8C
__S1                                     (abs)        00006D
__S4                                     (abs)        000000
__S5                                     (abs)        000000
___heap_hi                               (abs)        000000
___heap_lo                               (abs)        000000
___inthi_sp                              stack        000000
___inthi_stack_hi                        stack        000000
___inthi_stack_lo                        stack        000000
___intlo_sp                              stack        000000
___intlo_stack_hi                        stack        000000
___intlo_stack_lo                        stack        000000
___param_bank                            (abs)        000000
___rparam_used                           (abs)        000001
___sp                                    stack        000000
___stack_hi                              stack        000000
___stack_lo                              stack        000000
__accesstop                              (abs)        000080
__activetblptr                           (abs)        000003
__end_of_INT0_ISR                        text16       001A8C
__end_of_INT1_ISR                        text15       001A88
__end_of_INT2_ISR                        text14       001A84
__end_of_InterruptManager                intcode_body 0012BC
__end_of_Interrupt_RBx_Init              text4        0013D2
__end_of_RB4_ISR                         text10       0018E0
__end_of_RB5_ISR                         text9        001866
__end_of_RB6_ISR                         text8        0017EC
__end_of_RB7_ISR                         text7        001772
__end_of__initialization                 cinit        001A2A
__end_of_gpio_pin_direction_initialize   text5        0016F8
__end_of_gpio_pin_initialize             text2        0019FE
__end_of_gpio_pin_write_logic            text3        0014E2
__end_of_led_init                        text1        001952
__end_of_led_on                          text12       0019C0
__end_of_main                            text0        001A76
__end_of_sssss                           text11       001A80
__end_ofi2_gpio_pin_write_logic          text13       0015F2
__initialization                         cinit        0019FE
__mediumconst                            mediumconst  000000
__pbssCOMRAM                             bssCOMRAM    00004F
__pcinit                                 cinit        0019FE
__pcstackCOMRAM                          cstackCOMRAM 00002A
__pdataCOMRAM                            dataCOMRAM   000001
__pidataCOMRAM                           idataCOMRAM  001A34
__pintcode                               intcode      000008
__pintcode_body                          intcode_body 001006
__psmallconst                            smallconst   001000
__ptext0                                 text0        001A5E
__ptext1                                 text1        0018E0
__ptext10                                text10       001866
__ptext11                                text11       001A76
__ptext12                                text12       001952
__ptext13                                text13       0014E2
__ptext14                                text14       001A80
__ptext15                                text15       001A84
__ptext16                                text16       001A88
__ptext17                                text17       000000
__ptext2                                 text2        0019C0
__ptext3                                 text3        0013D2
__ptext4                                 text4        0012BC
__ptext5                                 text5        0015F2
__ptext7                                 text7        0016F8
__ptext8                                 text8        001772
__ptext9                                 text9        0017EC
__ramtop                                 ramtop       001000
__smallconst                             smallconst   001000
_gpio_pin_direction_initialize           text5        0015F2
_gpio_pin_initialize                     text2        0019C0
_gpio_pin_write_logic                    text3        0013D2
_lat_regs                                dataCOMRAM   00000B
_led4                                    dataCOMRAM   000029
_led_init                                text1        0018E0
_led_on                                  text12       001952
_main                                    text0        001A5E
_port_regs                               dataCOMRAM   000001
_sssss                                   text11       001A76
_tris_regs                               dataCOMRAM   000015
btemp                                    temp         00006C
end_of_initialization                    cinit        001A2A
gpio_pin_direction_initialize@pin_config cstackCOMRAM 00003C
gpio_pin_direction_initialize@ret        cstackCOMRAM 000042
gpio_pin_initialize@pin_config           cstackCOMRAM 000044
gpio_pin_initialize@ret                  cstackCOMRAM 000045
gpio_pin_write_logic@logic               cstackCOMRAM 00003D
gpio_pin_write_logic@pin_config          cstackCOMRAM 00003C
gpio_pin_write_logic@ret                 cstackCOMRAM 000043
i2_gpio_pin_write_logic                  text13       0014E2
i2gpio_pin_write_logic@logic             cstackCOMRAM 00002B
i2gpio_pin_write_logic@pin_config        cstackCOMRAM 00002A
i2gpio_pin_write_logic@ret               cstackCOMRAM 000031
int$flags                                temp         00006C
int_func                                 intcode_body 001006
intlevel0                                text         000000
intlevel1                                text         000000
intlevel2                                text         000000
intlevel3                                text         000000
isa$std                                  (abs)        000001
isa$xinst                                (abs)        000000
led_init@F3053                           bssCOMRAM    00006B
led_init@led                             cstackCOMRAM 000046
led_init@pin_obj                         cstackCOMRAM 000049
led_init@ret                             cstackCOMRAM 000048
led_off@F3063                            bssCOMRAM    000069
led_on@F3058                             bssCOMRAM    00006A
led_on@led                               cstackCOMRAM 000032
led_on@pin_obj                           cstackCOMRAM 000034
led_toggle@F3068                         bssCOMRAM    000068
relayInit@F3046                          bssCOMRAM    000067
relayOFF@F3056                           bssCOMRAM    000065
relayON@F3051                            bssCOMRAM    000066
stackhi                                  (abs)        000000
stacklo                                  (abs)        000000
start                                    init         00000E
start_initialization                     cinit        0019FE
ttemp5                                   temp         00006D
ttemp6                                   temp         000070
ttemp7                                   temp         000074
wtemp8                                   temp         00006D


MODULE INFORMATION

Module		Function		Class		Link	Load	Size
C:/Users/Om562/MPLABXProjects/PIC18/MCAL_Layer/Interrupt/mcal_interrupt_manager.c
		_InterruptManager		CODE           	0008	0000	700

C:/Users/Om562/MPLABXProjects/PIC18/MCAL_Layer/Interrupt/mcal_interrupt_manager.c estimated size: 700

C:/Users/Om562/MPLABXProjects/PIC18/MCAL_Layer/Interrupt/mcal_external_interrupt.c
		_RB4_ISR       		CODE           	1866	0000	122
		_RB5_ISR       		CODE           	17EC	0000	122
		_RB6_ISR       		CODE           	1772	0000	122
		_RB7_ISR       		CODE           	16F8	0000	122
		_INT0_ISR      		CODE           	1A88	0000	4
		_Interrupt_RBx_Init		CODE           	12BC	0000	278
		_INT1_ISR      		CODE           	1A84	0000	4
		_INT2_ISR      		CODE           	1A80	0000	4

C:/Users/Om562/MPLABXProjects/PIC18/MCAL_Layer/Interrupt/mcal_external_interrupt.c estimated size: 778

Application.c
		_main          		CODE           	1A5E	0000	24
		_sssss         		CODE           	1A76	0000	10

Application.c estimated size: 34

shared
		__initialization		CODE           	19FE	0000	44
		i2_gpio_pin_write_logic		CODE           	14E2	0000	272

shared estimated size: 316

MCAL_Layer/GPIO/hal_gpio.c
		_gpio_pin_write_logic		CODE           	13D2	0000	272
		_gpio_pin_direction_initialize		CODE           	15F2	0000	262
		_gpio_pin_initialize		CODE           	19C0	0000	62

MCAL_Layer/GPIO/hal_gpio.c estimated size: 596

ECU_Layer/LED/ecu_led.c
		_led_init      		CODE           	18E0	0000	114
		_led_on        		CODE           	1952	0000	110

ECU_Layer/LED/ecu_led.c estimated size: 224

