Microchip MPLAB XC8 Compiler V2.45

Linker command line:

-W-3 \
  --edf=C:\Program Files\Microchip\xc8\v2.45\pic\dat\20230818022343_en.msgs \
  -cn -h+dist/default/production\PIC18.production.sym \
  --cmf=dist/default/production\PIC18.production.cmf -z -Q18F4620 \
  -oC:\Users\Om562\AppData\Local\Temp\xcAsdtc.\driver_tmp_3.o \
  --defsym=__MPLAB_BUILD=1 --fixupoverflow=error \
  -Mdist/default/production/PIC18.production.map \
  --md=C:\Users\Om562\AppData\Local\Temp\xcAsdtc.\driver_tmp_0.dat -E1 \
  -ver=XC8 Compiler --acfsm=1493 -ACODE=00h-0FFFFh -ACONST=00h-0FFFFh \
  -ASMALLCONST=01000h-010FFhx240 -AMEDIUMCONST=01000h-0FFFFh \
  -ACOMRAM=01h-07Fh -AABS1=00h-0F7Fh -ABIGRAM=01h-0F7Fh \
  -ARAM=080h-0FFh,0100h-01FFhx14,0F00h-0F7Fh -ABANK0=080h-0FFh \
  -ABANK1=0100h-01FFh -ABANK2=0200h-02FFh -ABANK3=0300h-03FFh \
  -ABANK4=0400h-04FFh -ABANK5=0500h-05FFh -ABANK6=0600h-06FFh \
  -ABANK7=0700h-07FFh -ABANK8=0800h-08FFh -ABANK9=0900h-09FFh \
  -ABANK10=0A00h-0AFFh -ABANK11=0B00h-0BFFh -ABANK12=0C00h-0CFFh \
  -ABANK13=0D00h-0DFFh -ABANK14=0E00h-0EFFh -ABANK15=0F00h-0F7Fh \
  -ASFR=0F80h-0FFFh -ABIGSFR=0F80h-0FFFh -ACONFIG=0300000h-030000Dh \
  -AIDLOC=0200000h-0200007h -AEEDATA=0F00000h-0F003FFh -peeprom_data=EEDATA \
  -preset_vec=00h,intcode=08h,intcodelo,powerup,init -pramtop=01000h \
  -psmallconst=SMALLCONST -pmediumconst=MEDIUMCONST -pconst=CONST \
  -AFARRAM=00h-00h \
  -prdata=COMRAM,nvrram=COMRAM,nvbit=COMRAM,rbss=COMRAM,rbit=COMRAM \
  -pfarbss=FARRAM,fardata=FARRAM,nvFARRAM=FARRAM \
  -pintsave_regs=BIGRAM,bigbss=BIGRAM,bigdata=BIGRAM -pbss=RAM \
  -pidata=CODE,irdata=CODE,ibigdata=CODE,ifardata=CODE -prparam=COMRAM \
  C:\Users\Om562\AppData\Local\Temp\xcAsdtc.\driver_tmp_9.o \
  dist/default/production\PIC18.production.o 

Object code version is 3.11

Machine type is 18F4620



                Name                               Link     Load   Length Selector   Space Scale
C:\Users\Om562\AppData\Local\Temp\xcAsdtc.\driver_tmp_9.o
                config                           300000   300000        E        0       4
                init                                  E        E        4        4       0
                reset_vec                             0        0        4        0       0
dist/default/production\PIC18.production.o
                intcode                               8        8        6        4       0
                config                           300000   300000        E        0       4
                temp                                 63       63        1        1       1
                smallconst                         1000     1000        6      800       0
                text18                             1756     1756        4      B8E       0
                text17                             1752     1752        4      B8E       0
                text16                             174E     174E        4      B8E       0
                text15                             174A     174A        4      B8E       0
                text14                             1746     1746        4      B8E       0
                text13                             1742     1742        4      B8E       0
                text12                             173E     173E        4      B8E       0
                text11                             173A     173A        4      B8E       0
                text10                             1728     1728        C      B8E       0
                text9                              171C     171C        C      B8E       0
                text8                              1734     1734        6      B8E       0
                text7                              1696     1696       32      803       0
                intcode_body                       1006     1006      316      803       0
                text5                              1532     1532       86      803       0
                text4                              142C     142C      106      803       0
                text3                              131C     131C      110      803       0
                text2                              1622     1622       3E      803       0
                text1                              15B8     15B8       6A      803       0
                text0                              16C8     16C8       30      803       0
                cstackCOMRAM                         4E       4E       15        1       1
                dataCOMRAM                           2B       2B       23        1       1
                bssCOMRAM                             1        1       2A        1       1
                cinit                              1660     1660       36      803       0
                idataCOMRAM                        16F8     16F8       23      803       0

TOTAL           Name                               Link     Load   Length     Space
        CLASS   CODE           
                intcode                               8        8        6         0
                init                                  E        E        4         0
                reset_vec                             0        0        4         0
                text18                             1756     1756        4         0
                text17                             1752     1752        4         0
                text16                             174E     174E        4         0
                text15                             174A     174A        4         0
                text14                             1746     1746        4         0
                text13                             1742     1742        4         0
                text12                             173E     173E        4         0
                text11                             173A     173A        4         0
                text10                             1728     1728        C         0
                text9                              171C     171C        C         0
                text8                              1734     1734        6         0
                text7                              1696     1696       32         0
                intcode_body                       1006     1006      316         0
                text5                              1532     1532       86         0
                text4                              142C     142C      106         0
                text3                              131C     131C      110         0
                text2                              1622     1622       3E         0
                text1                              15B8     15B8       6A         0
                text0                              16C8     16C8       30         0
                cinit                              1660     1660       36         0
                idataCOMRAM                        16F8     16F8       23         0

        CLASS   CONST          

        CLASS   SMALLCONST     
                smallconst                         1000     1000        6         0

        CLASS   MEDIUMCONST    

        CLASS   COMRAM         
                temp                                 63       63        1         1
                cstackCOMRAM                         4E       4E       15         1
                dataCOMRAM                           2B       2B       23         1
                bssCOMRAM                             1        1       2A         1

        CLASS   ABS1           

        CLASS   BIGRAM         

        CLASS   RAM            

        CLASS   BANK0          

        CLASS   BANK1          

        CLASS   BANK2          

        CLASS   BANK3          

        CLASS   BANK4          

        CLASS   BANK5          

        CLASS   BANK6          

        CLASS   BANK7          

        CLASS   BANK8          

        CLASS   BANK9          

        CLASS   BANK10         

        CLASS   BANK11         

        CLASS   BANK12         

        CLASS   BANK13         

        CLASS   BANK14         

        CLASS   BANK15         

        CLASS   SFR            

        CLASS   BIGSFR         

        CLASS   CONFIG         
                config                           300000   300000        E         4

        CLASS   IDLOC          

        CLASS   EEDATA         

        CLASS   FARRAM         

        CLASS   HEAP           

        CLASS   STACK          



SEGMENTS        Name                           Load    Length   Top    Selector   Space  Class

                reset_vec                      000000  000004  000004         0       0  CODE    
                bssCOMRAM                      000001  000063  000064         1       1  COMRAM  
                intcode                        000008  00000A  000012         4       0  CODE    
                smallconst                     001000  000006  001006       800       0  SMALLCON
                intcode_body                   001006  000715  00171B       803       0  CODE    
                text9                          00171C  00003E  00175A       B8E       0  CODE    


UNUSED ADDRESS RANGES

        Name                Unused          Largest block    Delta
        BANK0            000080-0000FF               80
        BANK1            000100-0001FF              100
        BANK10           000A00-000AFF              100
        BANK11           000B00-000BFF              100
        BANK12           000C00-000CFF              100
        BANK13           000D00-000DFF              100
        BANK14           000E00-000EFF              100
        BANK15           000F00-000F7F               80
        BANK2            000200-0002FF              100
        BANK3            000300-0003FF              100
        BANK4            000400-0004FF              100
        BANK5            000500-0005FF              100
        BANK6            000600-0006FF              100
        BANK7            000700-0007FF              100
        BANK8            000800-0008FF              100
        BANK9            000900-0009FF              100
        BIGRAM           000064-000F7F              F1C
        BIGSFR           000F80-000FFF               80
        CODE             000004-000007                4
                         000012-000FFF              FEE
                         00171B-00171B                1
                         00175A-00FFFF             E8A6
        COMRAM           000064-00007F               1C
        CONST            000004-000007                4
                         000012-000FFF              FEE
                         00171B-00171B                1
                         00175A-00FFFF             E8A6
        EEDATA           F00000-F003FF              400
        IDLOC            200000-200007                8
        MEDIUMCONST      00171B-00171B                1
                         00175A-00FFFF             E8A6
        RAM              000080-000F7F              100
        SFR              000F80-000FFF               80
        SMALLCONST       00171B-00171B                1
                         00175A-00FFFF              100

                                  Symbol Table

RB4_ISR@src                              cstackCOMRAM 00004E
RB5_ISR@src                              cstackCOMRAM 00004E
RB6_ISR@src                              cstackCOMRAM 00004E
RB7_ISR@src                              cstackCOMRAM 00004E
Timer2_Init@obj                          cstackCOMRAM 000051
_ADCON0bits                              (abs)        000FC2
_ADCON1bits                              (abs)        000FC1
_ADCON2bits                              (abs)        000FC0
_ADC_CALLBACK                            bssCOMRAM    000021
_ADC_ISR                                 text18       001756
_ADRESH                                  (abs)        000FC4
_ADRESL                                  (abs)        000FC3
_EEADR                                   (abs)        000FA9
_EEADRH                                  (abs)        000FAA
_EECON1bits                              (abs)        000FA6
_EECON2                                  (abs)        000FA7
_EEDATA                                  (abs)        000FA8
_INT0_CALBACK                            bssCOMRAM    00001F
_INT0_ISR                                text17       001752
_INT1_CALBACK                            bssCOMRAM    00001D
_INT1_ISR                                text16       00174E
_INT2_CALBACK                            bssCOMRAM    00001B
_INT2_ISR                                text15       00174A
_INTCON2bits                             (abs)        000FF1
_INTCON3bits                             (abs)        000FF0
_INTCONbits                              (abs)        000FF2
_InterruptManager                        intcode      000008
_LATA                                    (abs)        000F89
_LATB                                    (abs)        000F8A
_LATC                                    (abs)        000F8B
_LATD                                    (abs)        000F8C
_LATE                                    (abs)        000F8D
_PIE1bits                                (abs)        000F9D
_PIR1bits                                (abs)        000F9E
_PORTA                                   (abs)        000F80
_PORTB                                   (abs)        000F81
_PORTBbits                               (abs)        000F81
_PORTC                                   (abs)        000F82
_PORTD                                   (abs)        000F83
_PORTE                                   (abs)        000F84
_PreLoadValue                            bssCOMRAM    000005
_RB4_CallBack_HIGH                       bssCOMRAM    000019
_RB4_CallBack_LOW                        bssCOMRAM    000011
_RB4_Flag                                dataCOMRAM   00004C
_RB4_ISR                                 text14       001746
_RB5_CallBack_HIGH                       bssCOMRAM    000017
_RB5_CallBack_LOW                        bssCOMRAM    00000F
_RB5_Flag                                dataCOMRAM   00004B
_RB5_ISR                                 text13       001742
_RB6_CallBack_HIGH                       bssCOMRAM    000015
_RB6_CallBack_LOW                        bssCOMRAM    00000D
_RB6_Flag                                dataCOMRAM   00004A
_RB6_ISR                                 text12       00173E
_RB7_CallBack_HIGH                       bssCOMRAM    000013
_RB7_CallBack_LOW                        bssCOMRAM    00000B
_RB7_Flag                                dataCOMRAM   000049
_RB7_ISR                                 text11       00173A
_T0CONbits                               (abs)        000FD5
_T1CONbits                               (abs)        000FCD
_T2CONbits                               (abs)        000FCA
_TMR0H                                   (abs)        000FD7
_TMR0L                                   (abs)        000FD6
_TMR0_ISR                                text10       001728
_TMR1H                                   (abs)        000FCF
_TMR1InterruptHandler                    bssCOMRAM    000003
_TMR1L                                   (abs)        000FCE
_TMR1_ISR                                text9        00171C
_TMR2                                    (abs)        000FCC
_TMR2_ISR                                text7        001696
_TRISA                                   (abs)        000F92
_TRISB                                   (abs)        000F93
_TRISC                                   (abs)        000F94
_TRISD                                   (abs)        000F95
_TRISE                                   (abs)        000F96
_Timer2_Init                             text5        001532
__HRAM                                   (abs)        000000
__H__absolute__                          __absolute__ 000000
__Habs1                                  abs1         000000
__Hbank0                                 bank0        000000
__Hbank1                                 bank1        000000
__Hbank10                                bank10       000000
__Hbank11                                bank11       000000
__Hbank12                                bank12       000000
__Hbank13                                bank13       000000
__Hbank14                                bank14       000000
__Hbank15                                bank15       000000
__Hbank2                                 bank2        000000
__Hbank3                                 bank3        000000
__Hbank4                                 bank4        000000
__Hbank5                                 bank5        000000
__Hbank6                                 bank6        000000
__Hbank7                                 bank7        000000
__Hbank8                                 bank8        000000
__Hbank9                                 bank9        000000
__Hbigbss                                bigbss       000000
__Hbigdata                               bigdata      000000
__Hbigram                                bigram       000000
__Hbigsfr                                bigsfr       000000
__Hbss                                   bss          000000
__HbssCOMRAM                             bssCOMRAM    000000
__Hcinit                                 cinit        000000
__Hclrtext                               clrtext      000000
__Hcomram                                comram       000000
__Hconfig                                config       30000E
__Hconst                                 const        000000
__HcstackCOMRAM                          cstackCOMRAM 000000
__Hdata                                  data         000000
__HdataCOMRAM                            dataCOMRAM   000000
__Heeprom_data                           eeprom_data  000000
__Hfarbss                                farbss       000000
__Hfardata                               fardata      000000
__Hheap                                  heap         000000
__Hibigdata                              ibigdata     000000
__Hidata                                 idata        000000
__HidataCOMRAM                           idataCOMRAM  000000
__Hidloc                                 idloc        000000
__Hifardata                              ifardata     000000
__Hinit                                  init         000012
__Hintcode                               intcode      00000E
__Hintcode_body                          intcode_body 000000
__Hintcodelo                             intcodelo    00000E
__Hintentry                              intentry     000000
__Hintret                                intret       000000
__Hintsave_regs                          intsave_regs 000000
__Hirdata                                irdata       000000
__Hmediumconst                           mediumconst  000000
__HnvFARRAM                              nvFARRAM     000000
__Hnvbit                                 nvbit        000000
__Hnvrram                                nvrram       000000
__Hparam                                 rparam       000000
__Hpowerup                               powerup      00000E
__Hram                                   ram          000000
__Hramtop                                ramtop       001000
__Hrbit                                  rbit         000000
__Hrbss                                  rbss         000000
__Hrdata                                 rdata        000000
__Hreset_vec                             reset_vec    000004
__Hrparam                                rparam       000000
__Hsfr                                   sfr          000000
__Hsmallconst                            smallconst   001006
__Hspace_0                               (abs)        00175A
__Hspace_1                               (abs)        000064
__Hspace_2                               (abs)        000000
__Hspace_4                               (abs)        60000E
__Hstack                                 stack        000000
__Hstruct                                struct       000000
__Htemp                                  temp         000064
__Htext                                  text         000000
__Htext0                                 text0        000000
__Htext1                                 text1        000000
__Htext10                                text10       000000
__Htext11                                text11       000000
__Htext12                                text12       000000
__Htext13                                text13       000000
__Htext14                                text14       000000
__Htext15                                text15       000000
__Htext16                                text16       000000
__Htext17                                text17       000000
__Htext18                                text18       000000
__Htext19                                text19       000000
__Htext2                                 text2        000000
__Htext3                                 text3        000000
__Htext4                                 text4        000000
__Htext5                                 text5        000000
__Htext7                                 text7        000000
__Htext8                                 text8        000000
__Htext9                                 text9        000000
__LRAM                                   (abs)        000001
__L__absolute__                          __absolute__ 000000
__Labs1                                  abs1         000000
__Lbank0                                 bank0        000000
__Lbank1                                 bank1        000000
__Lbank10                                bank10       000000
__Lbank11                                bank11       000000
__Lbank12                                bank12       000000
__Lbank13                                bank13       000000
__Lbank14                                bank14       000000
__Lbank15                                bank15       000000
__Lbank2                                 bank2        000000
__Lbank3                                 bank3        000000
__Lbank4                                 bank4        000000
__Lbank5                                 bank5        000000
__Lbank6                                 bank6        000000
__Lbank7                                 bank7        000000
__Lbank8                                 bank8        000000
__Lbank9                                 bank9        000000
__Lbigbss                                bigbss       000000
__Lbigdata                               bigdata      000000
__Lbigram                                bigram       000000
__Lbigsfr                                bigsfr       000000
__Lbss                                   bss          000000
__LbssCOMRAM                             bssCOMRAM    000000
__Lcinit                                 cinit        000000
__Lclrtext                               clrtext      000000
__Lcomram                                comram       000000
__Lconfig                                config       000000
__Lconst                                 const        000000
__LcstackCOMRAM                          cstackCOMRAM 000000
__Ldata                                  data         000000
__LdataCOMRAM                            dataCOMRAM   000000
__Leeprom_data                           eeprom_data  000000
__Lfarbss                                farbss       000000
__Lfardata                               fardata      000000
__Lheap                                  heap         000000
__Libigdata                              ibigdata     000000
__Lidata                                 idata        000000
__LidataCOMRAM                           idataCOMRAM  000000
__Lidloc                                 idloc        000000
__Lifardata                              ifardata     000000
__Linit                                  init         00000E
__Lintcode                               intcode      000008
__Lintcode_body                          intcode_body 000000
__Lintcodelo                             intcodelo    00000E
__Lintentry                              intentry     000000
__Lintret                                intret       000000
__Lintsave_regs                          intsave_regs 000000
__Lirdata                                irdata       000000
__Lmediumconst                           mediumconst  000000
__LnvFARRAM                              nvFARRAM     000000
__Lnvbit                                 nvbit        000000
__Lnvrram                                nvrram       000000
__Lparam                                 rparam       000000
__Lpowerup                               powerup      00000E
__Lram                                   ram          000000
__Lramtop                                ramtop       001000
__Lrbit                                  rbit         000000
__Lrbss                                  rbss         000000
__Lrdata                                 rdata        000000
__Lreset_vec                             reset_vec    000000
__Lrparam                                rparam       000000
__Lsfr                                   sfr          000000
__Lsmallconst                            smallconst   001000
__Lspace_0                               (abs)        000000
__Lspace_1                               (abs)        000000
__Lspace_2                               (abs)        000000
__Lspace_4                               (abs)        000000
__Lstack                                 stack        000000
__Lstruct                                struct       000000
__Ltemp                                  temp         000063
__Ltext                                  text         000000
__Ltext0                                 text0        000000
__Ltext1                                 text1        000000
__Ltext10                                text10       000000
__Ltext11                                text11       000000
__Ltext12                                text12       000000
__Ltext13                                text13       000000
__Ltext14                                text14       000000
__Ltext15                                text15       000000
__Ltext16                                text16       000000
__Ltext17                                text17       000000
__Ltext18                                text18       000000
__Ltext19                                text19       000000
__Ltext2                                 text2        000000
__Ltext3                                 text3        000000
__Ltext4                                 text4        000000
__Ltext5                                 text5        000000
__Ltext7                                 text7        000000
__Ltext8                                 text8        000000
__Ltext9                                 text9        000000
__S0                                     (abs)        00175A
__S1                                     (abs)        000064
__S4                                     (abs)        000000
__S5                                     (abs)        000000
___heap_hi                               (abs)        000000
___heap_lo                               (abs)        000000
___inthi_sp                              stack        000000
___inthi_stack_hi                        stack        000000
___inthi_stack_lo                        stack        000000
___intlo_sp                              stack        000000
___intlo_stack_hi                        stack        000000
___intlo_stack_lo                        stack        000000
___param_bank                            (abs)        000000
___rparam_used                           (abs)        000001
___sp                                    stack        000000
___stack_hi                              stack        000000
___stack_lo                              stack        000000
__accesstop                              (abs)        000080
__activetblptr                           (abs)        000003
__end_of_ADC_ISR                         text18       00175A
__end_of_INT0_ISR                        text17       001756
__end_of_INT1_ISR                        text16       001752
__end_of_INT2_ISR                        text15       00174E
__end_of_InterruptManager                intcode_body 00131C
__end_of_RB4_ISR                         text14       00174A
__end_of_RB5_ISR                         text13       001746
__end_of_RB6_ISR                         text12       001742
__end_of_RB7_ISR                         text11       00173E
__end_of_TMR0_ISR                        text10       001734
__end_of_TMR1_ISR                        text9        001728
__end_of_TMR2_ISR                        text7        0016C8
__end_of_Timer2_Init                     text5        0015B8
__end_of__initialization                 cinit        00168C
__end_of_fun                             text8        00173A
__end_of_gpio_pin_direction_initialize   text4        001532
__end_of_gpio_pin_initialize             text2        001660
__end_of_gpio_pin_write_logic            text3        00142C
__end_of_led_init                        text1        001622
__end_of_main                            text0        0016F8
__initialization                         cinit        001660
__mediumconst                            mediumconst  000000
__pbssCOMRAM                             bssCOMRAM    000001
__pcinit                                 cinit        001660
__pcstackCOMRAM                          cstackCOMRAM 00004E
__pdataCOMRAM                            dataCOMRAM   00002B
__pidataCOMRAM                           idataCOMRAM  0016F8
__pintcode                               intcode      000008
__pintcode_body                          intcode_body 001006
__psmallconst                            smallconst   001000
__ptext0                                 text0        0016C8
__ptext1                                 text1        0015B8
__ptext10                                text10       001728
__ptext11                                text11       00173A
__ptext12                                text12       00173E
__ptext13                                text13       001742
__ptext14                                text14       001746
__ptext15                                text15       00174A
__ptext16                                text16       00174E
__ptext17                                text17       001752
__ptext18                                text18       001756
__ptext19                                text19       000000
__ptext2                                 text2        001622
__ptext3                                 text3        00131C
__ptext4                                 text4        00142C
__ptext5                                 text5        001532
__ptext7                                 text7        001696
__ptext8                                 text8        001734
__ptext9                                 text9        00171C
__ramtop                                 ramtop       001000
__smallconst                             smallconst   001000
_fun                                     text8        001734
_gpio_pin_direction_initialize           text4        00142C
_gpio_pin_initialize                     text2        001622
_gpio_pin_write_logic                    text3        00131C
_lat_regs                                dataCOMRAM   000035
_led1                                    dataCOMRAM   00004D
_led_init                                text1        0015B8
_main                                    text0        0016C8
_port_regs                               dataCOMRAM   00002B
_preVal                                  bssCOMRAM    000023
_timer0PreloadValue                      bssCOMRAM    000007
_timer2_interrupt_handler                bssCOMRAM    000001
_timerInterrupthandler                   bssCOMRAM    000009
_tris_regs                               dataCOMRAM   00003F
btemp                                    temp         000063
end_of_initialization                    cinit        00168C
gpio_pin_direction_initialize@pin_config cstackCOMRAM 000051
gpio_pin_direction_initialize@ret        cstackCOMRAM 000057
gpio_pin_initialize@pin_config           cstackCOMRAM 000059
gpio_pin_initialize@ret                  cstackCOMRAM 00005A
gpio_pin_write_logic@logic               cstackCOMRAM 000052
gpio_pin_write_logic@pin_config          cstackCOMRAM 000051
gpio_pin_write_logic@ret                 cstackCOMRAM 000058
int$flags                                temp         000063
int_func                                 intcode_body 001006
intlevel0                                text         000000
intlevel1                                text         000000
intlevel2                                text         000000
intlevel3                                text         000000
isa$std                                  (abs)        000001
isa$xinst                                (abs)        000000
led_init@F3053                           bssCOMRAM    00002A
led_init@led                             cstackCOMRAM 00005B
led_init@pin_obj                         cstackCOMRAM 00005D
led_off@F3063                            bssCOMRAM    000028
led_on@F3058                             bssCOMRAM    000029
led_toggle@F3068                         bssCOMRAM    000027
main@timer2_obj                          cstackCOMRAM 00005E
relayInit@F3046                          bssCOMRAM    000026
relayOFF@F3056                           bssCOMRAM    000024
relayON@F3051                            bssCOMRAM    000025
stackhi                                  (abs)        000000
stacklo                                  (abs)        000000
start                                    init         00000E
start_initialization                     cinit        001660
ttemp5                                   temp         000064
ttemp6                                   temp         000067
ttemp7                                   temp         00006B
wtemp8                                   temp         000064


MODULE INFORMATION

Module		Function		Class		Link	Load	Size
C:/Users/Om562/MPLABXProjects/PIC18/MCAL_Layer/Interrupt/mcal_interrupt_manager.c
		_InterruptManager		CODE           	0008	0000	796

C:/Users/Om562/MPLABXProjects/PIC18/MCAL_Layer/Interrupt/mcal_interrupt_manager.c estimated size: 796

C:/Users/Om562/MPLABXProjects/PIC18/MCAL_Layer/Interrupt/mcal_external_interrupt.c
		_RB4_ISR       		CODE           	1746	0000	4
		_RB5_ISR       		CODE           	1742	0000	4
		_RB6_ISR       		CODE           	173E	0000	4
		_RB7_ISR       		CODE           	173A	0000	4
		_INT0_ISR      		CODE           	1752	0000	4
		_INT1_ISR      		CODE           	174E	0000	4
		_INT2_ISR      		CODE           	174A	0000	4

C:/Users/Om562/MPLABXProjects/PIC18/MCAL_Layer/Interrupt/mcal_external_interrupt.c estimated size: 28

Application.c
		_main          		CODE           	16C8	0000	48
		_fun           		CODE           	1734	0000	6

Application.c estimated size: 54

MCAL_Layer/TIMER2/hal_timer2.c
		_TMR2_ISR      		CODE           	1696	0000	50
		_Timer2_Init   		CODE           	1532	0000	134

MCAL_Layer/TIMER2/hal_timer2.c estimated size: 184

MCAL_Layer/TIMER1/hal_timer1.c
		_TMR1_ISR      		CODE           	171C	0000	12

MCAL_Layer/TIMER1/hal_timer1.c estimated size: 12

MCAL_Layer/TIMER0/hal_timer0.c
		_TMR0_ISR      		CODE           	1728	0000	12

MCAL_Layer/TIMER0/hal_timer0.c estimated size: 12

shared
		__initialization		CODE           	1660	0000	44

shared estimated size: 44

MCAL_Layer/ADC/hal_adc.c
		_ADC_ISR       		CODE           	1756	0000	4

MCAL_Layer/ADC/hal_adc.c estimated size: 4

MCAL_Layer/GPIO/hal_gpio.c
		_gpio_pin_write_logic		CODE           	131C	0000	272
		_gpio_pin_direction_initialize		CODE           	142C	0000	262
		_gpio_pin_initialize		CODE           	1622	0000	62

MCAL_Layer/GPIO/hal_gpio.c estimated size: 596

ECU_Layer/LED/ecu_led.c
		_led_init      		CODE           	15B8	0000	106

ECU_Layer/LED/ecu_led.c estimated size: 106

