Microchip MPLAB XC8 Compiler V2.45

Linker command line:

-W-3 \
  --edf=C:\Program Files\Microchip\xc8\v2.45\pic\dat\20230818022343_en.msgs \
  -cn -h+dist/default/production\PIC18.production.sym \
  --cmf=dist/default/production\PIC18.production.cmf -z -Q18F4620 \
  -oC:\Users\Om562\AppData\Local\Temp\xcAs7ug.\driver_tmp_3.o \
  --defsym=__MPLAB_BUILD=1 --fixupoverflow=error \
  -Mdist/default/production/PIC18.production.map \
  --md=C:\Users\Om562\AppData\Local\Temp\xcAs7ug.\driver_tmp_0.dat -E1 \
  -ver=XC8 Compiler --acfsm=1493 -ACODE=00h-0FFFFh -ACONST=00h-0FFFFh \
  -ASMALLCONST=01000h-010FFhx240 -AMEDIUMCONST=01000h-0FFFFh \
  -ACOMRAM=01h-07Fh -AABS1=00h-0F7Fh -ABIGRAM=01h-0F7Fh \
  -ARAM=080h-0FFh,0100h-01FFhx14,0F00h-0F7Fh -ABANK0=080h-0FFh \
  -ABANK1=0100h-01FFh -ABANK2=0200h-02FFh -ABANK3=0300h-03FFh \
  -ABANK4=0400h-04FFh -ABANK5=0500h-05FFh -ABANK6=0600h-06FFh \
  -ABANK7=0700h-07FFh -ABANK8=0800h-08FFh -ABANK9=0900h-09FFh \
  -ABANK10=0A00h-0AFFh -ABANK11=0B00h-0BFFh -ABANK12=0C00h-0CFFh \
  -ABANK13=0D00h-0DFFh -ABANK14=0E00h-0EFFh -ABANK15=0F00h-0F7Fh \
  -ASFR=0F80h-0FFFh -ABIGSFR=0F80h-0FFFh -ACONFIG=0300000h-030000Dh \
  -AIDLOC=0200000h-0200007h -AEEDATA=0F00000h-0F003FFh -peeprom_data=EEDATA \
  -preset_vec=00h,intcode=08h,intcodelo,powerup,init -pramtop=01000h \
  -psmallconst=SMALLCONST -pmediumconst=MEDIUMCONST -pconst=CONST \
  -AFARRAM=00h-00h \
  -prdata=COMRAM,nvrram=COMRAM,nvbit=COMRAM,rbss=COMRAM,rbit=COMRAM \
  -pfarbss=FARRAM,fardata=FARRAM,nvFARRAM=FARRAM \
  -pintsave_regs=BIGRAM,bigbss=BIGRAM,bigdata=BIGRAM -pbss=RAM \
  -pidata=CODE,irdata=CODE,ibigdata=CODE,ifardata=CODE -prparam=COMRAM \
  C:\Users\Om562\AppData\Local\Temp\xcAs7ug.\driver_tmp_9.o \
  dist/default/production\PIC18.production.o 

Object code version is 3.11

Machine type is 18F4620



                Name                               Link     Load   Length Selector   Space Scale
C:\Users\Om562\AppData\Local\Temp\xcAs7ug.\driver_tmp_9.o
                config                           300000   300000        E        0       4
                init                                  E        E        4        4       0
                reset_vec                             0        0        4        0       0
dist/default/production\PIC18.production.o
                intcode                               8        8        6        4       0
                config                           300000   300000        E        0       4
                temp                                 58       58        1        1       1
                smallconst                         1000     1000        6      800       0
                text15                             173E     173E        4      B93       0
                text14                             173A     173A        4      B93       0
                text13                             1736     1736        4      B93       0
                text12                             1732     1732        4      B93       0
                text11                             172E     172E        4      B93       0
                text10                             172A     172A        4      B93       0
                text9                              1726     1726        4      B93       0
                intcode_body                       1006     1006      286      803       0
                text7                              1644     1644       4A      803       0
                text6                              15EC     15EC       58      803       0
                text5                              139C     139C      106      803       0
                text4                              128C     128C      110      803       0
                text3                              168E     168E       3E      803       0
                text2                              1582     1582       6A      803       0
                text1                              1514     1514       6E      803       0
                text0                              14A2     14A2       72      803       0
                cstackCOMRAM                         43       43       15        1       1
                dataCOMRAM                            1        1       23        1       1
                bssCOMRAM                            24       24       1F        1       1
                cinit                              16CC     16CC       36      803       0
                idataCOMRAM                        1702     1702       23      803       0

TOTAL           Name                               Link     Load   Length     Space
        CLASS   CODE           
                intcode                               8        8        6         0
                init                                  E        E        4         0
                reset_vec                             0        0        4         0
                text15                             173E     173E        4         0
                text14                             173A     173A        4         0
                text13                             1736     1736        4         0
                text12                             1732     1732        4         0
                text11                             172E     172E        4         0
                text10                             172A     172A        4         0
                text9                              1726     1726        4         0
                intcode_body                       1006     1006      286         0
                text7                              1644     1644       4A         0
                text6                              15EC     15EC       58         0
                text5                              139C     139C      106         0
                text4                              128C     128C      110         0
                text3                              168E     168E       3E         0
                text2                              1582     1582       6A         0
                text1                              1514     1514       6E         0
                text0                              14A2     14A2       72         0
                cinit                              16CC     16CC       36         0
                idataCOMRAM                        1702     1702       23         0

        CLASS   CONST          

        CLASS   SMALLCONST     
                smallconst                         1000     1000        6         0

        CLASS   MEDIUMCONST    

        CLASS   COMRAM         
                temp                                 58       58        1         1
                cstackCOMRAM                         43       43       15         1
                dataCOMRAM                            1        1       23         1
                bssCOMRAM                            24       24       1F         1

        CLASS   ABS1           

        CLASS   BIGRAM         

        CLASS   RAM            

        CLASS   BANK0          

        CLASS   BANK1          

        CLASS   BANK2          

        CLASS   BANK3          

        CLASS   BANK4          

        CLASS   BANK5          

        CLASS   BANK6          

        CLASS   BANK7          

        CLASS   BANK8          

        CLASS   BANK9          

        CLASS   BANK10         

        CLASS   BANK11         

        CLASS   BANK12         

        CLASS   BANK13         

        CLASS   BANK14         

        CLASS   BANK15         

        CLASS   SFR            

        CLASS   BIGSFR         

        CLASS   CONFIG         
                config                           300000   300000        E         4

        CLASS   IDLOC          

        CLASS   EEDATA         

        CLASS   FARRAM         

        CLASS   HEAP           

        CLASS   STACK          



SEGMENTS        Name                           Load    Length   Top    Selector   Space  Class

                reset_vec                      000000  000004  000004         0       0  CODE    
                dataCOMRAM                     000001  000058  000059         1       1  COMRAM  
                intcode                        000008  00000A  000012         4       0  CODE    
                smallconst                     001000  000006  001006       800       0  SMALLCON
                intcode_body                   001006  00071F  001725       803       0  CODE    
                text9                          001726  00001C  001742       B93       0  CODE    


UNUSED ADDRESS RANGES

        Name                Unused          Largest block    Delta
        BANK0            000080-0000FF               80
        BANK1            000100-0001FF              100
        BANK10           000A00-000AFF              100
        BANK11           000B00-000BFF              100
        BANK12           000C00-000CFF              100
        BANK13           000D00-000DFF              100
        BANK14           000E00-000EFF              100
        BANK15           000F00-000F7F               80
        BANK2            000200-0002FF              100
        BANK3            000300-0003FF              100
        BANK4            000400-0004FF              100
        BANK5            000500-0005FF              100
        BANK6            000600-0006FF              100
        BANK7            000700-0007FF              100
        BANK8            000800-0008FF              100
        BANK9            000900-0009FF              100
        BIGRAM           000059-000F7F              F27
        BIGSFR           000F80-000FFF               80
        CODE             000004-000007                4
                         000012-000FFF              FEE
                         001725-001725                1
                         001742-00FFFF             E8BE
        COMRAM           000059-00007F               27
        CONST            000004-000007                4
                         000012-000FFF              FEE
                         001725-001725                1
                         001742-00FFFF             E8BE
        EEDATA           F00000-F003FF              400
        IDLOC            200000-200007                8
        MEDIUMCONST      001725-001725                1
                         001742-00FFFF             E8BE
        RAM              000080-000F7F              100
        SFR              000F80-000FFF               80
        SMALLCONST       001725-001725                1
                         001742-00FFFF              100

                                  Symbol Table

EEPROM_ReadByte@Global_Interrupt_states  cstackCOMRAM 000047
EEPROM_ReadByte@address                  cstackCOMRAM 000044
EEPROM_ReadByte@retData                  cstackCOMRAM 000046
EEPROM_WriteByte@Global_Interrupt_states cstackCOMRAM 000047
EEPROM_WriteByte@address                 cstackCOMRAM 000044
EEPROM_WriteByte@retData                 cstackCOMRAM 000046
RB4_ISR@src                              cstackCOMRAM 000043
RB5_ISR@src                              cstackCOMRAM 000043
RB6_ISR@src                              cstackCOMRAM 000043
RB7_ISR@src                              cstackCOMRAM 000043
_EEADR                                   (abs)        000FA9
_EEADRH                                  (abs)        000FAA
_EECON1bits                              (abs)        000FA6
_EECON2                                  (abs)        000FA7
_EEDATA                                  (abs)        000FA8
_EEPROM_ReadByte                         text7        001644
_EEPROM_WriteByte                        text6        0015EC
_INT0_CALBACK                            bssCOMRAM    000038
_INT0_ISR                                text15       00173E
_INT1_CALBACK                            bssCOMRAM    000036
_INT1_ISR                                text14       00173A
_INT2_CALBACK                            bssCOMRAM    000034
_INT2_ISR                                text13       001736
_INTCON2bits                             (abs)        000FF1
_INTCON3bits                             (abs)        000FF0
_INTCONbits                              (abs)        000FF2
_InterruptManager                        intcode      000008
_LATA                                    (abs)        000F89
_LATB                                    (abs)        000F8A
_LATC                                    (abs)        000F8B
_LATD                                    (abs)        000F8C
_LATE                                    (abs)        000F8D
_PORTA                                   (abs)        000F80
_PORTB                                   (abs)        000F81
_PORTBbits                               (abs)        000F81
_PORTC                                   (abs)        000F82
_PORTD                                   (abs)        000F83
_PORTE                                   (abs)        000F84
_RB4_CallBack_HIGH                       bssCOMRAM    000032
_RB4_CallBack_LOW                        bssCOMRAM    00002A
_RB4_Flag                                dataCOMRAM   000022
_RB4_ISR                                 text12       001732
_RB5_CallBack_HIGH                       bssCOMRAM    000030
_RB5_CallBack_LOW                        bssCOMRAM    000028
_RB5_Flag                                dataCOMRAM   000021
_RB5_ISR                                 text11       00172E
_RB6_CallBack_HIGH                       bssCOMRAM    00002E
_RB6_CallBack_LOW                        bssCOMRAM    000026
_RB6_Flag                                dataCOMRAM   000020
_RB6_ISR                                 text10       00172A
_RB7_CallBack_HIGH                       bssCOMRAM    00002C
_RB7_CallBack_LOW                        bssCOMRAM    000024
_RB7_Flag                                dataCOMRAM   00001F
_RB7_ISR                                 text9        001726
_TRISA                                   (abs)        000F92
_TRISB                                   (abs)        000F93
_TRISC                                   (abs)        000F94
_TRISD                                   (abs)        000F95
_TRISE                                   (abs)        000F96
__HRAM                                   (abs)        000000
__H__absolute__                          __absolute__ 000000
__Habs1                                  abs1         000000
__Hbank0                                 bank0        000000
__Hbank1                                 bank1        000000
__Hbank10                                bank10       000000
__Hbank11                                bank11       000000
__Hbank12                                bank12       000000
__Hbank13                                bank13       000000
__Hbank14                                bank14       000000
__Hbank15                                bank15       000000
__Hbank2                                 bank2        000000
__Hbank3                                 bank3        000000
__Hbank4                                 bank4        000000
__Hbank5                                 bank5        000000
__Hbank6                                 bank6        000000
__Hbank7                                 bank7        000000
__Hbank8                                 bank8        000000
__Hbank9                                 bank9        000000
__Hbigbss                                bigbss       000000
__Hbigdata                               bigdata      000000
__Hbigram                                bigram       000000
__Hbigsfr                                bigsfr       000000
__Hbss                                   bss          000000
__HbssCOMRAM                             bssCOMRAM    000000
__Hcinit                                 cinit        000000
__Hclrtext                               clrtext      000000
__Hcomram                                comram       000000
__Hconfig                                config       30000E
__Hconst                                 const        000000
__HcstackCOMRAM                          cstackCOMRAM 000000
__Hdata                                  data         000000
__HdataCOMRAM                            dataCOMRAM   000000
__Heeprom_data                           eeprom_data  000000
__Hfarbss                                farbss       000000
__Hfardata                               fardata      000000
__Hheap                                  heap         000000
__Hibigdata                              ibigdata     000000
__Hidata                                 idata        000000
__HidataCOMRAM                           idataCOMRAM  000000
__Hidloc                                 idloc        000000
__Hifardata                              ifardata     000000
__Hinit                                  init         000012
__Hintcode                               intcode      00000E
__Hintcode_body                          intcode_body 000000
__Hintcodelo                             intcodelo    00000E
__Hintentry                              intentry     000000
__Hintret                                intret       000000
__Hintsave_regs                          intsave_regs 000000
__Hirdata                                irdata       000000
__Hmediumconst                           mediumconst  000000
__HnvFARRAM                              nvFARRAM     000000
__Hnvbit                                 nvbit        000000
__Hnvrram                                nvrram       000000
__Hparam                                 rparam       000000
__Hpowerup                               powerup      00000E
__Hram                                   ram          000000
__Hramtop                                ramtop       001000
__Hrbit                                  rbit         000000
__Hrbss                                  rbss         000000
__Hrdata                                 rdata        000000
__Hreset_vec                             reset_vec    000004
__Hrparam                                rparam       000000
__Hsfr                                   sfr          000000
__Hsmallconst                            smallconst   001006
__Hspace_0                               (abs)        001742
__Hspace_1                               (abs)        000059
__Hspace_2                               (abs)        000000
__Hspace_4                               (abs)        60000E
__Hstack                                 stack        000000
__Hstruct                                struct       000000
__Htemp                                  temp         000059
__Htext                                  text         000000
__Htext0                                 text0        000000
__Htext1                                 text1        000000
__Htext10                                text10       000000
__Htext11                                text11       000000
__Htext12                                text12       000000
__Htext13                                text13       000000
__Htext14                                text14       000000
__Htext15                                text15       000000
__Htext2                                 text2        000000
__Htext3                                 text3        000000
__Htext4                                 text4        000000
__Htext5                                 text5        000000
__Htext6                                 text6        000000
__Htext7                                 text7        000000
__Htext9                                 text9        000000
__LRAM                                   (abs)        000001
__L__absolute__                          __absolute__ 000000
__Labs1                                  abs1         000000
__Lbank0                                 bank0        000000
__Lbank1                                 bank1        000000
__Lbank10                                bank10       000000
__Lbank11                                bank11       000000
__Lbank12                                bank12       000000
__Lbank13                                bank13       000000
__Lbank14                                bank14       000000
__Lbank15                                bank15       000000
__Lbank2                                 bank2        000000
__Lbank3                                 bank3        000000
__Lbank4                                 bank4        000000
__Lbank5                                 bank5        000000
__Lbank6                                 bank6        000000
__Lbank7                                 bank7        000000
__Lbank8                                 bank8        000000
__Lbank9                                 bank9        000000
__Lbigbss                                bigbss       000000
__Lbigdata                               bigdata      000000
__Lbigram                                bigram       000000
__Lbigsfr                                bigsfr       000000
__Lbss                                   bss          000000
__LbssCOMRAM                             bssCOMRAM    000000
__Lcinit                                 cinit        000000
__Lclrtext                               clrtext      000000
__Lcomram                                comram       000000
__Lconfig                                config       000000
__Lconst                                 const        000000
__LcstackCOMRAM                          cstackCOMRAM 000000
__Ldata                                  data         000000
__LdataCOMRAM                            dataCOMRAM   000000
__Leeprom_data                           eeprom_data  000000
__Lfarbss                                farbss       000000
__Lfardata                               fardata      000000
__Lheap                                  heap         000000
__Libigdata                              ibigdata     000000
__Lidata                                 idata        000000
__LidataCOMRAM                           idataCOMRAM  000000
__Lidloc                                 idloc        000000
__Lifardata                              ifardata     000000
__Linit                                  init         00000E
__Lintcode                               intcode      000008
__Lintcode_body                          intcode_body 000000
__Lintcodelo                             intcodelo    00000E
__Lintentry                              intentry     000000
__Lintret                                intret       000000
__Lintsave_regs                          intsave_regs 000000
__Lirdata                                irdata       000000
__Lmediumconst                           mediumconst  000000
__LnvFARRAM                              nvFARRAM     000000
__Lnvbit                                 nvbit        000000
__Lnvrram                                nvrram       000000
__Lparam                                 rparam       000000
__Lpowerup                               powerup      00000E
__Lram                                   ram          000000
__Lramtop                                ramtop       001000
__Lrbit                                  rbit         000000
__Lrbss                                  rbss         000000
__Lrdata                                 rdata        000000
__Lreset_vec                             reset_vec    000000
__Lrparam                                rparam       000000
__Lsfr                                   sfr          000000
__Lsmallconst                            smallconst   001000
__Lspace_0                               (abs)        000000
__Lspace_1                               (abs)        000000
__Lspace_2                               (abs)        000000
__Lspace_4                               (abs)        000000
__Lstack                                 stack        000000
__Lstruct                                struct       000000
__Ltemp                                  temp         000058
__Ltext                                  text         000000
__Ltext0                                 text0        000000
__Ltext1                                 text1        000000
__Ltext10                                text10       000000
__Ltext11                                text11       000000
__Ltext12                                text12       000000
__Ltext13                                text13       000000
__Ltext14                                text14       000000
__Ltext15                                text15       000000
__Ltext2                                 text2        000000
__Ltext3                                 text3        000000
__Ltext4                                 text4        000000
__Ltext5                                 text5        000000
__Ltext6                                 text6        000000
__Ltext7                                 text7        000000
__Ltext9                                 text9        000000
__S0                                     (abs)        001742
__S1                                     (abs)        000059
__S4                                     (abs)        000000
__S5                                     (abs)        000000
___heap_hi                               (abs)        000000
___heap_lo                               (abs)        000000
___inthi_sp                              stack        000000
___inthi_stack_hi                        stack        000000
___inthi_stack_lo                        stack        000000
___intlo_sp                              stack        000000
___intlo_stack_hi                        stack        000000
___intlo_stack_lo                        stack        000000
___param_bank                            (abs)        000000
___rparam_used                           (abs)        000001
___sp                                    stack        000000
___stack_hi                              stack        000000
___stack_lo                              stack        000000
__accesstop                              (abs)        000080
__activetblptr                           (abs)        000003
__end_of_EEPROM_ReadByte                 text7        00168E
__end_of_EEPROM_WriteByte                text6        001644
__end_of_INT0_ISR                        text15       001742
__end_of_INT1_ISR                        text14       00173E
__end_of_INT2_ISR                        text13       00173A
__end_of_InterruptManager                intcode_body 00128C
__end_of_RB4_ISR                         text12       001736
__end_of_RB5_ISR                         text11       001732
__end_of_RB6_ISR                         text10       00172E
__end_of_RB7_ISR                         text9        00172A
__end_of__initialization                 cinit        0016F8
__end_of_gpio_pin_direction_initialize   text5        0014A2
__end_of_gpio_pin_initialize             text3        0016CC
__end_of_gpio_pin_write_logic            text4        00139C
__end_of_led_init                        text2        0015EC
__end_of_led_on                          text1        001582
__end_of_main                            text0        001514
__initialization                         cinit        0016CC
__mediumconst                            mediumconst  000000
__pbssCOMRAM                             bssCOMRAM    000024
__pcinit                                 cinit        0016CC
__pcstackCOMRAM                          cstackCOMRAM 000043
__pdataCOMRAM                            dataCOMRAM   000001
__pidataCOMRAM                           idataCOMRAM  001702
__pintcode                               intcode      000008
__pintcode_body                          intcode_body 001006
__psmallconst                            smallconst   001000
__ptext0                                 text0        0014A2
__ptext1                                 text1        001514
__ptext10                                text10       00172A
__ptext11                                text11       00172E
__ptext12                                text12       001732
__ptext13                                text13       001736
__ptext14                                text14       00173A
__ptext15                                text15       00173E
__ptext2                                 text2        001582
__ptext3                                 text3        00168E
__ptext4                                 text4        00128C
__ptext5                                 text5        00139C
__ptext6                                 text6        0015EC
__ptext7                                 text7        001644
__ptext9                                 text9        001726
__ramtop                                 ramtop       001000
__smallconst                             smallconst   001000
_eeprom_currentval                       bssCOMRAM    00003A
_eeprom_val                              bssCOMRAM    000042
_gpio_pin_direction_initialize           text5        00139C
_gpio_pin_initialize                     text3        00168E
_gpio_pin_write_logic                    text4        00128C
_lat_regs                                dataCOMRAM   00000B
_led1                                    dataCOMRAM   000023
_led_init                                text2        001582
_led_on                                  text1        001514
_main                                    text0        0014A2
_port_regs                               dataCOMRAM   000001
_tris_regs                               dataCOMRAM   000015
btemp                                    temp         000058
end_of_initialization                    cinit        0016F8
gpio_pin_direction_initialize@pin_config cstackCOMRAM 000044
gpio_pin_direction_initialize@ret        cstackCOMRAM 00004A
gpio_pin_initialize@pin_config           cstackCOMRAM 00004C
gpio_pin_initialize@ret                  cstackCOMRAM 00004D
gpio_pin_write_logic@logic               cstackCOMRAM 000045
gpio_pin_write_logic@pin_config          cstackCOMRAM 000044
gpio_pin_write_logic@ret                 cstackCOMRAM 00004B
int$flags                                temp         000058
int_func                                 intcode_body 001006
intlevel0                                text         000000
intlevel1                                text         000000
intlevel2                                text         000000
intlevel3                                text         000000
isa$std                                  (abs)        000001
isa$xinst                                (abs)        000000
led_init@F3053                           bssCOMRAM    000041
led_init@led                             cstackCOMRAM 00004E
led_init@pin_obj                         cstackCOMRAM 000050
led_off@F3063                            bssCOMRAM    00003F
led_on@F3058                             bssCOMRAM    000040
led_on@led                               cstackCOMRAM 00004C
led_on@pin_obj                           cstackCOMRAM 00004E
led_toggle@F3068                         bssCOMRAM    00003E
relayInit@F3046                          bssCOMRAM    00003D
relayOFF@F3056                           bssCOMRAM    00003B
relayON@F3051                            bssCOMRAM    00003C
stackhi                                  (abs)        000000
stacklo                                  (abs)        000000
start                                    init         00000E
start_initialization                     cinit        0016CC
ttemp5                                   temp         000059
ttemp6                                   temp         00005C
ttemp7                                   temp         000060
wtemp8                                   temp         000059


MODULE INFORMATION

Module		Function		Class		Link	Load	Size
C:/Users/Om562/MPLABXProjects/PIC18/MCAL_Layer/Interrupt/mcal_interrupt_manager.c
		_InterruptManager		CODE           	0008	0000	652

C:/Users/Om562/MPLABXProjects/PIC18/MCAL_Layer/Interrupt/mcal_interrupt_manager.c estimated size: 652

C:/Users/Om562/MPLABXProjects/PIC18/MCAL_Layer/Interrupt/mcal_external_interrupt.c
		_RB4_ISR       		CODE           	1732	0000	4
		_RB5_ISR       		CODE           	172E	0000	4
		_RB6_ISR       		CODE           	172A	0000	4
		_RB7_ISR       		CODE           	1726	0000	4
		_INT0_ISR      		CODE           	173E	0000	4
		_INT1_ISR      		CODE           	173A	0000	4
		_INT2_ISR      		CODE           	1736	0000	4

C:/Users/Om562/MPLABXProjects/PIC18/MCAL_Layer/Interrupt/mcal_external_interrupt.c estimated size: 28

MCAL_Layer/EEPROM/hal_eeprom.c
		_EEPROM_WriteByte		CODE           	15EC	0000	88
		_EEPROM_ReadByte		CODE           	1644	0000	74

MCAL_Layer/EEPROM/hal_eeprom.c estimated size: 162

Application.c
		_main          		CODE           	14A2	0000	114

Application.c estimated size: 114

shared
		__initialization		CODE           	16CC	0000	44

shared estimated size: 44

MCAL_Layer/GPIO/hal_gpio.c
		_gpio_pin_write_logic		CODE           	128C	0000	272
		_gpio_pin_direction_initialize		CODE           	139C	0000	262
		_gpio_pin_initialize		CODE           	168E	0000	62

MCAL_Layer/GPIO/hal_gpio.c estimated size: 596

ECU_Layer/LED/ecu_led.c
		_led_init      		CODE           	1582	0000	106
		_led_on        		CODE           	1514	0000	110

ECU_Layer/LED/ecu_led.c estimated size: 216

